Component: ARM Compiler 5.05 update 1 (build 106) Tool: armlink [4d0efa]

==============================================================================

Section Cross References

    systick.o(i.Calculatesystick) refers to systick.o(.data) for .data
    systick.o(i.GetTimeTick) refers to systick.o(.data) for .data
    systick.o(i.StartTimer) refers to systick.o(.data) for .data
    systick.o(i.TimeOut) refers to systick.o(.data) for .data
    systick.o(i.TimerLeft) refers to systick.o(.data) for .data
    systick.o(i.clock) refers to systick.o(.bss) for .bss
    systick.o(i.delay_1ms) refers to systick.o(.data) for .data
    systick.o(i.delay_decrement) refers to systick.o(.data) for .data
    systick.o(i.systick_config) refers to systick.o(i.NVIC_SetPriority) for NVIC_SetPriority
    systick.o(i.systick_config) refers to system_gd32f4xx.o(.data) for SystemCoreClock
    gd32f4xx_it.o(i.SDIO_IRQHandler) refers to sdcard.o(i.sd_interrupts_process) for sd_interrupts_process
    sys.o(i.GetUniqueID_String) refers to sys.o(i.GetUniqueID) for GetUniqueID
    sys.o(i.GetUniqueID_String) refers to cstdlib.o(i.AsciiHexNumber) for AsciiHexNumber
    sys.o(i.GetUniqueID_String) refers to rt_memcpy_v6.o(.text) for __aeabi_memcpy
    sys.o(i.nvic_config) refers to gd32f4xx_misc.o(i.nvic_irq_enable) for nvic_irq_enable
    sys.o(i.system_init) refers to gd32f4xx_misc.o(i.nvic_priority_group_set) for nvic_priority_group_set
    sys.o(i.system_init) refers to delay.o(i.delay_init) for delay_init
    sys.o(i.system_init) refers to sys.o(i.GetUniqueID) for GetUniqueID
    sys.o(i.system_init) refers to sys.o(i.GetUniqueID_String) for GetUniqueID_String
    sys.o(i.system_init) refers to sys.o(i.nvic_config) for nvic_config
    sys.o(i.system_init) refers to sys.o(.bss) for .bss
    main.o(i.init_fun) refers to segger_rtt.o(i.SEGGER_RTT_Init) for SEGGER_RTT_Init
    main.o(i.init_fun) refers to sys.o(i.system_init) for system_init
    main.o(i.init_fun) refers to flash_e2prom.o(i.FLASH_init) for FLASH_init
    main.o(i.init_fun) refers to led.o(i.LED_Init) for LED_Init
    main.o(i.init_fun) refers to rtc.o(i.RTC_Timer_Init) for RTC_Timer_Init
    main.o(i.init_fun) refers to timer1.o(i.timer1_config) for timer1_config
    main.o(i.init_fun) refers to saoma.o(i.saoma_uart_init) for saoma_uart_init
    main.o(i.init_fun) refers to camera.o(i.camera_init) for camera_init
    main.o(i.init_fun) refers to wtn.o(i.WTN_Init) for WTN_Init
    main.o(i.init_fun) refers to gps.o(i.gps_init) for gps_init
    main.o(i.init_fun) refers to wtn.o(i.audio_play_ctrl) for audio_play_ctrl
    main.o(i.init_fun) refers to delay.o(i.delay_ms) for delay_ms
    main.o(i.init_fun) refers to watchdog.o(i.Watchdog_init) for Watchdog_init
    main.o(i.init_fun) refers to segger_rtt_printf.o(i.SEGGER_RTT_printf2) for SEGGER_RTT_printf2
    main.o(i.init_fun) refers to h1_alloc.o(.text) for malloc
    main.o(i.init_fun) refers to at_module.o(.data) for mode_imei
    main.o(i.init_fun) refers to version.o(.data) for Version
    main.o(i.init_fun) refers to sys.o(.bss) for ChipIDstring
    main.o(i.main) refers to gd32f4xx_misc.o(i.nvic_vector_table_set) for nvic_vector_table_set
    main.o(i.main) refers to main.o(i.init_fun) for init_fun
    main.o(i.main) refers to timer1.o(i.time1_enable) for time1_enable
    main.o(i.main) refers to watchdog.o(i.watchdog_enable) for watchdog_enable
    main.o(i.main) refers to fattester.o(i.myfatfs_init) for myfatfs_init
    main.o(i.main) refers to network.o(i.NetworkInit) for NetworkInit
    main.o(i.main) refers to network.o(i.NetworkStart) for NetworkStart
    main.o(i.main) refers to led.o(i.led_disp) for led_disp
    main.o(i.main) refers to network.o(i.check_if_first_boot) for check_if_first_boot
    main.o(i.main) refers to segger_rtt_printf.o(i.SEGGER_RTT_printf2) for SEGGER_RTT_printf2
    main.o(i.main) refers to os_core.o(i.OSInit) for OSInit
    main.o(i.main) refers to os_task.o(i.OSTaskCreate) for OSTaskCreate
    main.o(i.main) refers to os_core.o(i.OSStart) for OSStart
    main.o(i.main) refers to timer1.o(.data) for watch_time_tick
    main.o(i.main) refers to led.o(.data) for led_disp_mode
    main.o(i.main) refers to sys.o(.bss) for ChipIDstring
    main.o(i.main) refers to at_module.o(.data) for mode_imei
    main.o(i.main) refers to main.o(.bss) for .bss
    main.o(i.main) refers to main.o(i.start_task) for start_task
    main.o(i.start_task) refers to segger_rtt_printf.o(i.SEGGER_RTT_printf2) for SEGGER_RTT_printf2
    main.o(i.start_task) refers to os_core.o(i.OSStatInit) for OSStatInit
    main.o(i.start_task) refers to os_cpu_a.o(.text) for OS_CPU_SR_Save
    main.o(i.start_task) refers to os_task.o(i.OSTaskCreate) for OSTaskCreate
    main.o(i.start_task) refers to os_task.o(i.OSTaskSuspend) for OSTaskSuspend
    main.o(i.start_task) refers to main.o(.bss) for .bss
    main.o(i.start_task) refers to network.o(i.mqtt_task) for mqtt_task
[...]
    _dneg                                    0x0801347d   Thumb Code     6  basic.o(x$fpl$basic)
    __aeabi_fneg                             0x08013483   Thumb Code     0  basic.o(x$fpl$basic)
    _fneg                                    0x08013483   Thumb Code     6  basic.o(x$fpl$basic)
    _dabs                                    0x08013489   Thumb Code     6  basic.o(x$fpl$basic)
    _fabs                                    0x0801348f   Thumb Code     6  basic.o(x$fpl$basic)
    __aeabi_dadd                             0x08013495   Thumb Code     0  daddsub_clz.o(x$fpl$dadd)
    _dadd                                    0x08013495   Thumb Code   332  daddsub_clz.o(x$fpl$dadd)
    __fpl_dcheck_NaN1                        0x080135e5   Thumb Code    10  dcheck1.o(x$fpl$dcheck1)
    __fpl_dcmp_Inf                           0x080135f5   Thumb Code    24  dcmpi.o(x$fpl$dcmpinf)
    __aeabi_ddiv                             0x0801360d   Thumb Code     0  ddiv.o(x$fpl$ddiv)
    _ddiv                                    0x0801360d   Thumb Code   552  ddiv.o(x$fpl$ddiv)
    __aeabi_d2iz                             0x080138bd   Thumb Code     0  dfix.o(x$fpl$dfix)
    _dfix                                    0x080138bd   Thumb Code    94  dfix.o(x$fpl$dfix)
    __aeabi_i2d                              0x0801391b   Thumb Code     0  dflt_clz.o(x$fpl$dflt)
    _dflt                                    0x0801391b   Thumb Code    46  dflt_clz.o(x$fpl$dflt)
    __aeabi_cdcmple                          0x08013949   Thumb Code     0  dleqf.o(x$fpl$dleqf)
    _dcmple                                  0x08013949   Thumb Code   120  dleqf.o(x$fpl$dleqf)
    __fpl_dcmple_InfNaN                      0x080139ab   Thumb Code     0  dleqf.o(x$fpl$dleqf)
    __aeabi_dmul                             0x080139c1   Thumb Code     0  dmul.o(x$fpl$dmul)
    _dmul                                    0x080139c1   Thumb Code   332  dmul.o(x$fpl$dmul)
    __fpl_dnaninf                            0x08013b15   Thumb Code   156  dnaninf.o(x$fpl$dnaninf)
    __fpl_dretinf                            0x08013bb1   Thumb Code    12  dretinf.o(x$fpl$dretinf)
    __aeabi_cdrcmple                         0x08013bbd   Thumb Code     0  drleqf.o(x$fpl$drleqf)
    _drcmple                                 0x08013bbd   Thumb Code   108  drleqf.o(x$fpl$drleqf)
    __aeabi_drsub                            0x08013c29   Thumb Code     0  daddsub_clz.o(x$fpl$drsb)
    _drsb                                    0x08013c29   Thumb Code    22  daddsub_clz.o(x$fpl$drsb)
    _dsqrt                                   0x08013c41   Thumb Code   404  dsqrt_umaal.o(x$fpl$dsqrt)
    __aeabi_dsub                             0x08013dd9   Thumb Code     0  daddsub_clz.o(x$fpl$dsub)
    _dsub                                    0x08013dd9   Thumb Code   464  daddsub_clz.o(x$fpl$dsub)
    __aeabi_f2d                              0x08013fad   Thumb Code     0  f2d.o(x$fpl$f2d)
    _f2d                                     0x08013fad   Thumb Code    86  f2d.o(x$fpl$f2d)
    __fpl_fnaninf                            0x08014003   Thumb Code   140  fnaninf.o(x$fpl$fnaninf)
    _fp_init                                 0x0801408f   Thumb Code    10  fpinit.o(x$fpl$fpinit)
    __fplib_config_fpu_vfp                   0x08014097   Thumb Code     0  fpinit.o(x$fpl$fpinit)
    __fplib_config_pureend_doubles           0x08014097   Thumb Code     0  fpinit.o(x$fpl$fpinit)
    _printf_fp_dec                           0x08014099   Thumb Code     4  printf1.o(x$fpl$printf1)
    __fpl_return_NaN                         0x0801409d   Thumb Code   100  retnan.o(x$fpl$retnan)
    __ARM_scalbn                             0x08014101   Thumb Code    92  scalbn.o(x$fpl$scalbn)
    __fpl_cmpreturn                          0x0801415d   Thumb Code    48  trapv.o(x$fpl$trapveneer)
    __I$use$fp                               0x0801418c   Number         0  usenofp.o(x$fpl$usenofp)
    ov2640_sxga_init_reg_tbl                 0x0801418c   Data         356  ov2640.o(.constdata)
    ov2640_jpeg_reg_tbl                      0x080142f0   Data          14  ov2640.o(.constdata)
    ov2640_rgb565_reg_tbl                    0x080142fe   Data          28  ov2640.o(.constdata)
    ov2640_yuv422_reg_tbl                    0x0801431a   Data          16  ov2640.o(.constdata)
    key                                      0x08014352   Data          17  cloudserverconnect.o(.constdata)
    jpeg_img_size_tbl                        0x080413ba   Data          36  camera.o(.constdata)
    OSUnMapTbl                               0x080413de   Data         256  os_core.o(.constdata)
    __mathlib_zero                           0x08041578   Data           8  qnan.o(.constdata)
    Region$$Table$$Base                      0x08041910   Number         0  anon$$obj.o(Region$$Table)
    Region$$Table$$Limit                     0x08041930   Number         0  anon$$obj.o(Region$$Table)
    __ctype                                  0x0804193d   Data           0  lc_ctype_c.o(locale$$data)
    s_TickCnt                                0x20000000   Data           4  systick.o(.data)
    Version                                  0x20000008   Data           4  version.o(.data)
    Frimversion                              0x2000000c   Data           4  version.o(.data)
    Netbeatsendflag                          0x20000014   Data           1  timer1.o(.data)
    gps_uart_begin                           0x20000015   Data           1  timer1.o(.data)
    timer0tick                               0x20000016   Data           2  timer1.o(.data)
    gps_uart_rx_timeout                      0x20000018   Data           2  timer1.o(.data)
    watch_time_tick                          0x2000001c   Data           4  timer1.o(.data)
    led_disp_tick                            0x20000020   Data           2  timer1.o(.data)
    led_disp_mode                            0x20000022   Data           1  led.o(.data)
    Modbussendflag                           0x20000023   Data           1  modbus_base.o(.data)
    sd_scr                                   0x2000003c   Data           8  sdcard.o(.data)
    ov_frame                                 0x20000044   Data           1  dcmi.o(.data)
    dcmi_rx_callback                         0x20000048   Data           4  dcmi.o(.data)
    saoma_statue                             0x2000004c   Data           1  saoma.o(.data)
    SAOMA_USART_RX_STA                       0x2000004e   Data           2  saoma.o(.data)
    saoma_data                               0x20000050   Data           4  saoma.o(.data)
    prescaler_a                              0x20000054   Data           4  rtc.o(.data)
    prescaler_s                              0x20000058   Data           4  rtc.o(.data)
    gps_mqtt_data_ready                      0x2000005c   Data           1  gps.o(.data)
    GPS_RX_STA                               0x2000005e   Data           2  gps.o(.data)
    gps_mqtt_payload                         0x20000060   Data           4  gps.o(.data)
    fixmode_tbl                              0x20000064   Data          16  gps.o(.data)
    mode_imei                                0x20000074   Data           4  at_module.o(.data)
    card_ccid                                0x20000078   Data           4  at_module.o(.data)
    tmp08                                    0x2000007c   Data           1  cat1_port.o(.data)
    serverkeyerror                           0x20000087   Data           1  network.o(.data)
    Factory_settings                         0x20000094   Data           4  network.o(.data)
    onlineAddress                            0x20000098   Data           4  network.o(.data)
    cJSONoutbuffer                           0x2000009c   Data           4  network.o(.data)
    status                                   0x200000b4   Data           1  diskio.o(.data)
    temp                                     0x200000c0   Data           4  fattester.o(.data)
    jpeg_data_ok                             0x200000c4   Data           1  camera.o(.data)
    jpeg_data_len                            0x200000c8   Data           4  camera.o(.data)
    JPEG_SIZE_TBL                            0x200000cc   Data          36  camera.o(.data)
    OSCPUUsage                               0x200000f0   Data           1  os_core.o(.data)
    OSStatRdy                                0x200000f1   Data           1  os_core.o(.data)
    OSIntNesting                             0x200000f2   Data           1  os_core.o(.data)
    OSLockNesting                            0x200000f3   Data           1  os_core.o(.data)
    OSPrioCur                                0x200000f4   Data           1  os_core.o(.data)
    OSPrioHighRdy                            0x200000f5   Data           1  os_core.o(.data)
    OSRdyGrp                                 0x200000f6   Data           1  os_core.o(.data)
    OSRunning                                0x200000f7   Data           1  os_core.o(.data)
    OSTaskCtr                                0x200000f8   Data           1  os_core.o(.data)
    OSTickStepState                          0x200000f9   Data           1  os_core.o(.data)
    OSCtxSwCtr                               0x200000fc   Data           4  os_core.o(.data)
    OSEventFreeList                          0x20000100   Data           4  os_core.o(.data)
    OSIdleCtrMax                             0x20000104   Data           4  os_core.o(.data)
    OSIdleCtrRun                             0x20000108   Data           4  os_core.o(.data)
    OSIdleCtr                                0x2000010c   Data           4  os_core.o(.data)
    OSTCBCur                                 0x20000110   Data           4  os_core.o(.data)
    OSTCBFreeList                            0x20000114   Data           4  os_core.o(.data)
    OSTCBHighRdy                             0x20000118   Data           4  os_core.o(.data)
    OSTCBList                                0x2000011c   Data           4  os_core.o(.data)
    OSTime                                   0x20000120   Data           4  os_core.o(.data)
    OSRdyTbl                                 0x20000124   Data           8  os_core.o(.data)
    OSFlagFreeList                           0x2000012c   Data           4  os_core.o(.data)
    OSMemFreeList                            0x20000130   Data           4  os_core.o(.data)
    OSQFreeList                              0x20000134   Data           4  os_core.o(.data)
    OSTmrFree                                0x20000138   Data           2  os_core.o(.data)
    OSTmrUsed                                0x2000013a   Data           2  os_core.o(.data)
    OSTmrTime                                0x2000013c   Data           4  os_core.o(.data)
    OSTmrSem                                 0x20000140   Data           4  os_core.o(.data)
    OSTmrSemSignal                           0x20000144   Data           4  os_core.o(.data)
    OSTmrFreeList                            0x20000148   Data           4  os_core.o(.data)
    ChipID                                   0x20000150   Data          12  sys.o(.bss)
    ChipIDstring                             0x2000015c   Data          25  sys.o(.bss)
    START_TASK_STK                           0x20000178   Data        2048  main.o(.bss)
    MQTT_TASK_STK                            0x20000978   Data        8192  main.o(.bss)
    WATCHDOG_TASK_STK                        0x20002978   Data         512  main.o(.bss)
    SAOMA_TASK_STK                           0x20002b78   Data        2048  main.o(.bss)
    UPLOAD_FILE_TASK_STK                     0x20003378   Data        1024  main.o(.bss)
    Certification                            0x20003778   Data          80  main.o(.bss)
    saoma_buffer                             0x200037e8   Data         512  saoma.o(.bss)
    last_id                                  0x200039e8   Data          30  saoma.o(.bss)
    rtc_initpara                             0x20003a08   Data          20  rtc.o(.bss)
    GPS_RX_BUF                               0x20003a1c   Data        1200  gps.o(.bss)
    gpsx                                     0x20003ecc   Data         105  gps.o(.bss)
    g_ATModule                               0x200040c8   Data        1780  at_port.o(.bss)
    mqtt_passware                            0x20004dd4   Data          64  network.o(.bss)
    mqttobject                               0x20004e14   Data         208  network.o(.bss)
    _SEGGER_RTT                              0x20004ee4   Data         168  segger_rtt.o(.bss)
    fs                                       0x200055b4   Data         560  fattester.o(.bss)
    jpeg_buf                                 0x200057e4   Data       126976  camera.o(.bss)
    img_file                                 0x200247e4   Data         552  camera.o(.bss)
    upload_file_para                         0x20024a0c   Data          51  upload_file.o(.bss)
    img_file2                                0x20024a40   Data         552  upload_file.o(.bss)
    topic_file                               0x20024c68   Data          50  upload_file.o(.bss)
    OSEventTbl                               0x20024c9c   Data         240  os_core.o(.bss)
    OSTaskStatStk                            0x20024d8c   Data         512  os_core.o(.bss)
    OSTaskIdleStk                            0x20024f8c   Data         512  os_core.o(.bss)
    OSTCBPrioTbl                             0x2002518c   Data         256  os_core.o(.bss)
    OSTCBTbl                                 0x2002528c   Data        1428  os_core.o(.bss)
    OSFlagTbl                                0x20025820   Data          80  os_core.o(.bss)
    OSMemTbl                                 0x20025870   Data         120  os_core.o(.bss)
    OSQTbl                                   0x200258e8   Data         120  os_core.o(.bss)
    OSTmrTbl                                 0x20025960   Data         640  os_core.o(.bss)
    OSTmrTaskStk                             0x20025be0   Data         512  os_core.o(.bss)
    OSTmrWheelTbl                            0x20025de0   Data          64  os_core.o(.bss)
    __libspace_start                         0x20025e20   Data          96  libspace.o(.bss)
    __temporary_stack_top$libspace           0x20025e80   Data           0  libspace.o(.bss)



==============================================================================

Memory Map of the image

  Image Entry point : 0x08004189

  Load Region LR_IROM1 (Base: 0x08004000, Size: 0x0003dbac, Max: 0x000fc000, ABSOLUTE, COMPRESSED[0x0003dab0])

    Execution Region ER_IROM1 (Base: 0x08004000, Size: 0x0003da5c, Max: 0x000fc000, ABSOLUTE)

    Base Addr    Size         Type   Attr      Idx    E Section Name        Object

    0x08004000   0x00000188   Data   RO         6417    RESET               startup_gd32f405_425.o
    0x08004188   0x00000008   Code   RO        10996  * !!!main             c_w.l(__main.o)
    0x08004190   0x00000034   Code   RO        11428    !!!scatter          c_w.l(__scatter.o)
    0x080041c4   0x0000005a   Code   RO        11426    !!dczerorl2         c_w.l(__dczerorl2.o)
    0x0800421e   0x00000002   PAD
    0x08004220   0x0000001c   Code   RO        11430    !!handler_zi        c_w.l(__scatter_zi.o)
    0x0800423c   0x00000000   Code   RO        10963    .ARM.Collect$$_printf_percent$$00000000  c_w.l(_printf_percent.o)
    0x0800423c   0x00000006   Code   RO        10961    .ARM.Collect$$_printf_percent$$00000003  c_w.l(_printf_f.o)
    0x08004242   0x00000006   Code   RO        10960    .ARM.Collect$$_printf_percent$$00000009  c_w.l(_printf_d.o)
    0x08004248   0x00000006   Code   RO        10958    .ARM.Collect$$_printf_percent$$00000014  c_w.l(_printf_s.o)
    0x0800424e   0x00000004   Code   RO        11098    .ARM.Collect$$_printf_percent$$00000017  c_w.l(_printf_percent_end.o)
    0x08004252   0x00000002   Code   RO        11356    .ARM.Collect$$libinit$$00000000  c_w.l(libinit.o)
    0x08004254   0x00000004   Code   RO        11113    .ARM.Collect$$libinit$$00000001  c_w.l(libinit2.o)
    0x08004258   0x00000000   Code   RO        11116    .ARM.Collect$$libinit$$00000004  c_w.l(libinit2.o)
    0x08004258   0x00000008   Code   RO        11117    .ARM.Collect$$libinit$$00000005  c_w.l(libinit2.o)
    0x08004260   0x00000000   Code   RO        11119    .ARM.Collect$$libinit$$0000000A  c_w.l(libinit2.o)
    0x08004260   0x00000000   Code   RO        11121    .ARM.Collect$$libinit$$0000000C  c_w.l(libinit2.o)
    0x08004260   0x00000000   Code   RO        11123    .ARM.Collect$$libinit$$0000000E  c_w.l(libinit2.o)
    0x08004260   0x00000006   Code   RO        11124    .ARM.Collect$$libinit$$0000000F  c_w.l(libinit2.o)
    0x08004266   0x00000000   Code   RO        11126    .ARM.Collect$$libinit$$00000011  c_w.l(libinit2.o)
    0x08004266   0x0000000c   Code   RO        11127    .ARM.Collect$$libinit$$00000012  c_w.l(libinit2.o)
    0x08004272   0x00000000   Code   RO        11128    .ARM.Collect$$libinit$$00000013  c_w.l(libinit2.o)
    0x08004272   0x00000000   Code   RO        11130    .ARM.Collect$$libinit$$00000015  c_w.l(libinit2.o)
    0x08004272   0x0000000a   Code   RO        11131    .ARM.Collect$$libinit$$00000016  c_w.l(libinit2.o)
    0x0800427c   0x00000000   Code   RO        11132    .ARM.Collect$$libinit$$00000017  c_w.l(libinit2.o)
    0x0800427c   0x00000000   Code   RO        11134    .ARM.Collect$$libinit$$00000019  c_w.l(libinit2.o)
    0x0800427c   0x00000000   Code   RO        11136    .ARM.Collect$$libinit$$0000001B  c_w.l(libinit2.o)
    0x0800427c   0x00000000   Code   RO        11138    .ARM.Collect$$libinit$$0000001D  c_w.l(libinit2.o)
    0x0800427c   0x00000000   Code   RO        11140    .ARM.Collect$$libinit$$0000001F  c_w.l(libinit2.o)
    0x0800427c   0x00000000   Code   RO        11142    .ARM.Collect$$libinit$$00000021  c_w.l(libinit2.o)
    0x0800427c   0x00000000   Code   RO        11144    .ARM.Collect$$libinit$$00000023  c_w.l(libinit2.o)
    0x0800427c   0x00000000   Code   RO        11146    .ARM.Collect$$libinit$$00000025  c_w.l(libinit2.o)
    0x0800427c   0x00000000   Code   RO        11150    .ARM.Collect$$libinit$$0000002C  c_w.l(libinit2.o)
    0x0800427c   0x00000000   Code   RO        11152    .ARM.Collect$$libinit$$0000002E  c_w.l(libinit2.o)
    0x0800427c   0x00000000   Code   RO        11154    .ARM.Collect$$libinit$$00000030  c_w.l(libinit2.o)
    0x0800427c   0x00000000   Code   RO        11156    .ARM.Collect$$libinit$$00000032  c_w.l(libinit2.o)
    0x0800427c   0x00000002   Code   RO        11157    .ARM.Collect$$libinit$$00000033  c_w.l(libinit2.o)
    0x0800427e   0x00000002   Code   RO        11423    .ARM.Collect$$libshutdown$$00000000  c_w.l(libshutdown.o)
    0x08004280   0x00000000   Code   RO        11359    .ARM.Collect$$libshutdown$$00000003  c_w.l(libshutdown2.o)
    0x08004280   0x00000000   Code   RO        11362    .ARM.Collect$$libshutdown$$00000006  c_w.l(libshutdown2.o)
    0x08004280   0x00000000   Code   RO        11365    .ARM.Collect$$libshutdown$$00000009  c_w.l(libshutdown2.o)
    0x08004280   0x00000000   Code   RO        11367    .ARM.Collect$$libshutdown$$0000000B  c_w.l(libshutdown2.o)
    0x08004280   0x00000000   Code   RO        11370    .ARM.Collect$$libshutdown$$0000000E  c_w.l(libshutdown2.o)
    0x08004280   0x00000002   Code   RO        11371    .ARM.Collect$$libshutdown$$0000000F  c_w.l(libshutdown2.o)
    0x08004282   0x00000000   Code   RO        11054    .ARM.Collect$$rtentry$$00000000  c_w.l(__rtentry.o)
    0x08004282   0x00000000   Code   RO        11212    .ARM.Collect$$rtentry$$00000002  c_w.l(__rtentry2.o)
    0x08004282   0x00000006   Code   RO        11224    .ARM.Collect$$rtentry$$00000004  c_w.l(__rtentry4.o)
    0x08004288   0x00000000   Code   RO        11214    .ARM.Collect$$rtentry$$00000009  c_w.l(__rtentry2.o)
    0x08004288   0x00000004   Code   RO        11215    .ARM.Collect$$rtentry$$0000000A  c_w.l(__rtentry2.o)
    0x0800428c   0x00000000   Code   RO        11217    .ARM.Collect$$rtentry$$0000000C  c_w.l(__rtentry2.o)
    0x0800428c   0x00000008   Code   RO        11218    .ARM.Collect$$rtentry$$0000000D  c_w.l(__rtentry2.o)
    0x08004294   0x00000002   Code   RO        11376    .ARM.Collect$$rtexit$$00000000  c_w.l(rtexit.o)
    0x08004296   0x00000000   Code   RO        11397    .ARM.Collect$$rtexit$$00000002  c_w.l(rtexit2.o)
    0x08004296   0x00000004   Code   RO        11398    .ARM.Collect$$rtexit$$00000003  c_w.l(rtexit2.o)
    0x0800429a   0x00000006   Code   RO        11399    .ARM.Collect$$rtexit$$00000004  c_w.l(rtexit2.o)
    0x080042a0   0x00000000   Code   RO        11238    .emb_text           c_w.l(maybetermalloc1.o)
    0x080042a0   0x00000040   Code   RO         6418    .text               startup_gd32f405_425.o
    0x080042e0   0x000000c8   Code   RO        10828    .text               os_cpu_a.o
    0x080043a8   0x0000005e   Code   RO        10837    .text               c_w.l(h1_alloc.o)
    0x08004406   0x0000004e   Code   RO        10839    .text               c_w.l(h1_free.o)
    0x08004454   0x0000001a   Code   RO        10895    .text               c_w.l(tolower.o)
    0x0800446e   0x00000002   PAD
    0x08004470   0x00000028   Code   RO        10905    .text               c_w.l(noretval__2sprintf.o)
    0x08004498   0x00000034   Code   RO        10907    .text               c_w.l(noretval__2snprintf.o)
    0x080044cc   0x0000004e   Code   RO        10911    .text               c_w.l(_printf_pad.o)
    0x0800451a   0x00000052   Code   RO        10913    .text               c_w.l(_printf_str.o)
    0x0800456c   0x00000078   Code   RO        10915    .text               c_w.l(_printf_dec.o)
    0x080045e4   0x00000138   Code   RO        10950    .text               c_w.l(__printf_flags_wp.o)
    0x0800471c   0x0000003c   Code   RO        10964    .text               c_w.l(__0sscanf.o)
    0x08004758   0x0000014c   Code   RO        10966    .text               c_w.l(_scanf_int.o)
    0x080048a4   0x00000024   Code   RO        10970    .text               c_w.l(strstr.o)
    0x080048c8   0x00000058   Code   RO        10972    .text               c_w.l(memcmp.o)
    0x08004920   0x0000003e   Code   RO        10976    .text               c_w.l(strlen.o)
    0x0800495e   0x00000096   Code   RO        10978    .text               c_w.l(strncmp.o)
    0x080049f4   0x00000018   Code   RO        10980    .text               c_w.l(strcat.o)
    0x08004a0c   0x0000008a   Code   RO        10982    .text               c_w.l(rt_memcpy_v6.o)
    0x08004a96   0x00000064   Code   RO        10984    .text               c_w.l(rt_memcpy_w.o)
    0x08004afa   0x00000010   Code   RO        10988    .text               c_w.l(aeabi_memset.o)
    0x08004b0a   0x00000044   Code   RO        10990    .text               c_w.l(rt_memclr.o)
    0x08004b4e   0x0000004e   Code   RO        10992    .text               c_w.l(rt_memclr_w.o)
    0x08004b9c   0x00000006   Code   RO        10994    .text               c_w.l(heapauxi.o)
    0x08004ba2   0x00000002   PAD
    0x08004ba4   0x00000010   Code   RO        11055    .text               c_w.l(rt_ctype_table.o)
    0x08004bb4   0x00000008   Code   RO        11060    .text               c_w.l(rt_heap_descriptor_intlibspace.o)
    0x08004bbc   0x00000004   Code   RO        11062    .text               c_w.l(hguard.o)
    0x08004bc0   0x0000008a   Code   RO        11064    .text               c_w.l(init_alloc.o)
    0x08004c4a   0x0000000e   Code   RO        11068    .text               c_w.l(h1_init.o)
    0x08004c58   0x00000016   Code   RO        11082    .text               c_w.l(_rserrno.o)
    0x08004c6e   0x000000b2   Code   RO        11084    .text               c_w.l(_printf_intcommon.o)
    0x08004d20   0x0000041a   Code   RO        11086    .text               c_w.l(_printf_fp_dec.o)
    0x0800513a   0x00000002   PAD
    0x0800513c   0x00000030   Code   RO        11088    .text               c_w.l(_printf_char_common.o)
    0x0800516c   0x0000000a   Code   RO        11090    .text               c_w.l(_sputc.o)
    0x08005176   0x00000010   Code   RO        11092    .text               c_w.l(_snputc.o)
    0x08005186   0x0000002c   Code   RO        11094    .text               c_w.l(_printf_char.o)
    0x080051b2   0x0000001c   Code   RO        11099    .text               c_w.l(_chval.o)
    0x080051ce   0x00000002   PAD
    0x080051d0   0x0000002c   Code   RO        11101    .text               c_w.l(scanf_char.o)
    0x080051fc   0x00000040   Code   RO        11103    .text               c_w.l(_sgetc.o)
    0x0800523c   0x00000008   Code   RO        11208    .text               c_w.l(libspace.o)
    0x08005244   0x00000008   Code   RO        11229    .text               c_w.l(rt_locale_intlibspace.o)
    0x0800524c   0x00000008   Code   RO        11234    .text               c_w.l(rt_errno_addr_intlibspace.o)
    0x08005254   0x00000034   Code   RO        11240    .text               c_w.l(h1_extend.o)
    0x08005288   0x0000008a   Code   RO        11244    .text               c_w.l(lludiv10.o)
    0x08005312   0x00000012   Code   RO        11246    .text               c_w.l(isspace.o)
    0x08005324   0x00000080   Code   RO        11248    .text               c_w.l(_printf_fp_infnan.o)
    0x080053a4   0x00000374   Code   RO        11252    .text               c_w.l(_scanf.o)
    0x08005718   0x000000dc   Code   RO        11254    .text               c_w.l(bigflt0.o)
    0x080057f4   0x0000000e   Code   RO        11293    .text               c_w.l(defsig_rtmem_outer.o)
    0x08005802   0x00000002   Code   RO        11315    .text               c_w.l(use_no_semi.o)
    0x08005804   0x00000000   Code   RO        11317    .text               c_w.l(indicate_semi.o)
    0x08005804   0x0000004a   Code   RO        11318    .text               c_w.l(sys_stackheap_outer.o)
    0x0800584e   0x0000000c   Code   RO        11335    .text               c_w.l(exit.o)
    0x0800585a   0x0000000a   Code   RO        11337    .text               c_w.l(defsig_exit.o)
    0x08005864   0x00000050   Code   RO        11343    .text               c_w.l(defsig_rtmem_inner.o)
    0x080058b4   0x00000080   Code   RO        11345    .text               c_w.l(strcmpv7m.o)
    0x08005934   0x0000000c   Code   RO        11374    .text               c_w.l(sys_exit.o)
    0x08005940   0x00000032   Code   RO        11388    .text               c_w.l(defsig_general.o)
    0x08005972   0x0000000e   Code   RO        11394    .text               c_w.l(sys_wrch.o)
    0x08005980   0x0000003e   Code   RO        11257    CL$$btod_d2e        c_w.l(btod.o)
    0x080059be   0x00000046   Code   RO        11259    CL$$btod_d2e_denorm_low  c_w.l(btod.o)
    0x08005a04   0x00000060   Code   RO        11258    CL$$btod_d2e_norm_op1  c_w.l(btod.o)
    0x08005a64   0x00000338   Code   RO        11267    CL$$btod_div_common  c_w.l(btod.o)
    0x08005d9c   0x000000c6   Code   RO        11264    CL$$btod_e2e        c_w.l(btod.o)
    0x08005e62   0x00000028   Code   RO        11261    CL$$btod_ediv       c_w.l(btod.o)
    0x08005e8a   0x00000028   Code   RO        11260    CL$$btod_emul       c_w.l(btod.o)
    0x08005eb2   0x00000244   Code   RO        11266    CL$$btod_mult_common  c_w.l(btod.o)
    0x080060f6   0x00000002   PAD
    0x080060f8   0x00000044   Code   RO         8040    i.ATModuleInit      at_port.o
    0x0800613c   0x0000002c   Code   RO         8041    i.ATUartDeinit      at_port.o
    0x08006168   0x00000024   Code   RO         8042    i.ATUartInit        at_port.o
    0x0800618c   0x0000000a   Code   RO         8043    i.ATUartRead        at_port.o
    0x08006196   0x0000000a   Code   RO         8044    i.ATUartSend        at_port.o
    0x080061a0   0x0000002c   Code   RO         8763    i.AsciiHexNumber    cstdlib.o
    0x080061cc   0x00000026   Code   RO         8764    i.Bitmerge          cstdlib.o
    0x080061f2   0x00000002   Code   RO          187    i.BusFault_Handler  gd32f4xx_it.o
    0x080061f4   0x00000040   Code   RO         8176    i.Cat1_UartInit     cat1_port.o
    0x08006234   0x00000060   Code   RO         8177    i.Cat1_UartRead     cat1_port.o
    0x08006294   0x00000054   Code   RO         8178    i.Cat1_UartSend     cat1_port.o
    0x080062e8   0x00000094   Code   RO         7662    i.Cmd               cloudserverconnect.o
    0x0800637c   0x00000030   Code   RO         6993    i.DCI_IRQHandler    dcmi.o
    0x080063ac   0x0000005c   Code   RO         6995    i.DCMI_DMA_Init     dcmi.o
    0x08006408   0x00000024   Code   RO         6998    i.DCMI_Stop         dcmi.o
    0x0800642c   0x00000034   Code   RO         6999    i.DMA1_Channel7_IRQHandler  dcmi.o
    0x08006460   0x00000016   Code   RO         7000    i.DMA_GetCmdStatus  dcmi.o
    0x08006476   0x00000002   PAD
    0x08006478   0x00000648   Code   RO         7664    i.DYNAMIC_PORT      cloudserverconnect.o
    0x08006ac0   0x00000002   Code   RO          188    i.DebugMon_Handler  gd32f4xx_it.o
    0x08006ac2   0x00000002   Code   RO         6477    i.FLASH_init        flash_e2prom.o
    0x08006ac4   0x000003c4   Code   RO         7509    i.GPS_Analysis      gps.o
    0x08006e88   0x0000000c   Code   RO            4    i.GetTimeTick       systick.o
    0x08006e94   0x0000001c   Code   RO          279    i.GetUniqueID       sys.o
    0x08006eb0   0x00000038   Code   RO          280    i.GetUniqueID_String  sys.o
    0x08006ee8   0x000000b8   Code   RO         7665    i.HTTP_body         cloudserverconnect.o
    0x08006fa0   0x0000009c   Code   RO         7666    i.HTTP_header_encode  cloudserverconnect.o
    0x0800703c   0x00000002   Code   RO          189    i.HardFault_Handler  gd32f4xx_it.o
    0x0800703e   0x00000092   Code   RO         7667    i.HexStrTobyte      cloudserverconnect.o
    0x080070d0   0x0000003c   Code   RO         7265    i.IIC_Ack           soft_iic.o
    0x0800710c   0x0000003c   Code   RO         7266    i.IIC_NAck          soft_iic.o
    0x08007148   0x00000068   Code   RO         7267    i.IIC_Read_Byte     soft_iic.o
    0x080071b0   0x0000005c   Code   RO         7268    i.IIC_Send_Byte     soft_iic.o
    0x0800720c   0x0000003c   Code   RO         7269    i.IIC_Start         soft_iic.o
    0x08007248   0x00000040   Code   RO         7270    i.IIC_Stop          soft_iic.o
    0x08007288   0x00000054   Code   RO         7271    i.IIC_Wait_Ack      soft_iic.o
    0x080072dc   0x00000002   Code   RO         6624    i.LED_Init          led.o
    0x080072de   0x00000002   PAD
    0x080072e0   0x00000064   Code   RO         7467    i.Line_1A_WTN6      wtn.o
    0x08007344   0x00000164   Code   RO         7790    i.MQTTPublish       at_module.o
    0x080074a8   0x00000358   Code   RO         7792    i.MQTTPublish_File  at_module.o
    0x08007800   0x00000078   Code   RO         7793    i.MQTTSubscribe     at_module.o
    0x08007878   0x00000154   Code   RO         7668    i.MQTT_password_encode  cloudserverconnect.o
    0x080079cc   0x00000034   Code   RO         8045    i.MakeMqttAddrConfigCMD  at_port.o
    0x08007a00   0x00000028   Code   RO         8046    i.MakeMqttConnectCMD  at_port.o
    0x08007a28   0x0000001c   Code   RO         8047    i.MakeMqttDisConnectCMD  at_port.o
    0x08007a44   0x00000034   Code   RO         8048    i.MakeMqttParserConfigCMD  at_port.o
    0x08007a78   0x00000034   Code   RO         8049    i.MakeMqttPubCMD    at_port.o
    0x08007aac   0x00000034   Code   RO         8050    i.MakeMqttPubLongCMD  at_port.o
    0x08007ae0   0x00000018   Code   RO         8051    i.MakeMqttReleaseCMD  at_port.o
    0x08007af8   0x00000018   Code   RO         8052    i.MakeMqttStatuCMD  at_port.o
    0x08007b10   0x0000002c   Code   RO         8053    i.MakeMqttSubCMD    at_port.o
    0x08007b3c   0x00000028   Code   RO         8054    i.MakeMqttUnSubCMD  at_port.o
    0x08007b64   0x00000002   Code   RO          190    i.MemManage_Handler  gd32f4xx_it.o
    0x08007b66   0x00000004   Code   RO         8055    i.ModuleIoInit      at_port.o
    0x08007b6a   0x00000004   Code   RO         8056    i.ModulePowerOn     at_port.o
    0x08007b6e   0x00000004   Code   RO         8057    i.ModuleReset       at_port.o
    0x08007b72   0x00000002   PAD
    0x08007b74   0x00000044   Code   RO         8258    i.MqttMqttDisconnectCallback  network.o
    0x08007bb8   0x00000034   Code   RO         8259    i.MqttMqttDisconnectCallback2  network.o
    0x08007bec   0x000001ec   Code   RO         7001    i.My_DCMI_Init      dcmi.o
    0x08007dd8   0x0000002a   Code   RO         7511    i.NMEA_Comma_Pos    gps.o
    0x08007e02   0x00000002   PAD
    0x08007e04   0x00000060   Code   RO         7512    i.NMEA_GPGGA_Analysis  gps.o
    0x08007e64   0x000000a0   Code   RO         7513    i.NMEA_GPGSA_Analysis  gps.o
    0x08007f04   0x000000ec   Code   RO         7514    i.NMEA_GPGSV_Analysis  gps.o
    0x08007ff0   0x00000254   Code   RO         7515    i.NMEA_GPRMC_Analysis  gps.o
    0x08008244   0x0000004c   Code   RO         7516    i.NMEA_GPVTG_Analysis  gps.o
    0x08008290   0x00000010   Code   RO         7517    i.NMEA_Pow          gps.o
    0x080082a0   0x000000c0   Code   RO         7518    i.NMEA_Str2num      gps.o
    0x08008360   0x00000002   Code   RO          191    i.NMI_Handler       gd32f4xx_it.o
    0x08008362   0x00000002   PAD
    0x08008364   0x00000038   Code   RO         8260    i.NetworkFailHandle  network.o
    0x0800839c   0x00000054   Code   RO         8261    i.NetworkInit       network.o
    0x080083f0   0x0000029c   Code   RO         8262    i.NetworkLoop       network.o
    0x0800868c   0x00000088   Code   RO         8263    i.NetworkStart      network.o
    0x08008714   0x00000040   Code   RO         9897    i.OSEventNameSet    os_core.o
    0x08008754   0x000000e8   Code   RO         9898    i.OSInit            os_core.o
    0x0800883c   0x0000000c   Code   RO        10739    i.OSInitHookBegin   os_cpu_c.o
    0x08008848   0x00000002   Code   RO        10740    i.OSInitHookEnd     os_cpu_c.o
    0x0800884a   0x00000002   PAD
    0x0800884c   0x00000018   Code   RO         9899    i.OSIntEnter        os_core.o
    0x08008864   0x0000005c   Code   RO         9900    i.OSIntExit         os_core.o
    0x080088c0   0x0000002c   Code   RO         9901    i.OSSchedLock       os_core.o
    0x080088ec   0x0000003c   Code   RO         9902    i.OSSchedUnlock     os_core.o
    0x08008928   0x00000048   Code   RO        10442    i.OSSemCreate       os_sem.o
    0x08008970   0x000000b8   Code   RO        10444    i.OSSemPend         os_sem.o
    0x08008a28   0x00000052   Code   RO        10446    i.OSSemPost         os_sem.o
    0x08008a7a   0x00000002   PAD
    0x08008a7c   0x00000030   Code   RO         9903    i.OSStart           os_core.o
    0x08008aac   0x00000034   Code   RO         9904    i.OSStatInit        os_core.o
    0x08008ae0   0x00000002   Code   RO        10741    i.OSTCBInitHook     os_cpu_c.o
    0x08008ae2   0x00000002   PAD
    0x08008ae4   0x00000088   Code   RO        10504    i.OSTaskCreate      os_task.o
    0x08008b6c   0x0000009c   Code   RO        10505    i.OSTaskCreateExt   os_task.o
    0x08008c08   0x00000002   Code   RO        10742    i.OSTaskCreateHook  os_cpu_c.o
    0x08008c0a   0x00000002   PAD
    0x08008c0c   0x00000134   Code   RO        10506    i.OSTaskDel         os_task.o
    0x08008d40   0x00000002   Code   RO        10743    i.OSTaskDelHook     os_cpu_c.o
    0x08008d42   0x00000002   Code   RO        10744    i.OSTaskIdleHook    os_cpu_c.o
    0x08008d44   0x00000058   Code   RO        10509    i.OSTaskNameSet     os_task.o
    0x08008d9c   0x00000002   Code   RO        10745    i.OSTaskReturnHook  os_cpu_c.o
    0x08008d9e   0x00000002   Code   RO        10746    i.OSTaskStatHook    os_cpu_c.o
    0x08008da0   0x00000074   Code   RO        10514    i.OSTaskStkChk      os_task.o
    0x08008e14   0x00000144   Code   RO        10747    i.OSTaskStkInit     os_cpu_c.o
    0x08008f58   0x00000090   Code   RO        10515    i.OSTaskSuspend     os_task.o
    0x08008fe8   0x00000002   Code   RO        10748    i.OSTaskSwHook      os_cpu_c.o
    0x08008fea   0x00000002   PAD
    0x08008fec   0x00000068   Code   RO        10607    i.OSTimeDly         os_time.o
    0x08009054   0x00000054   Code   RO        10608    i.OSTimeDlyHMSM     os_time.o
    0x080090a8   0x000000a0   Code   RO         9905    i.OSTimeTick        os_core.o
    0x08009148   0x0000001c   Code   RO        10749    i.OSTimeTickHook    os_cpu_c.o
    0x08009164   0x0000000c   Code   RO        10655    i.OSTmrSignal       os_tmr.o
    0x08009170   0x00000128   Code   RO        10660    i.OSTmr_Init        os_tmr.o
    0x08009298   0x0000004c   Code   RO        10661    i.OSTmr_Link        os_tmr.o
    0x080092e4   0x00000078   Code   RO        10662    i.OSTmr_Task        os_tmr.o
    0x0800935c   0x00000040   Code   RO        10663    i.OSTmr_Unlink      os_tmr.o
    0x0800939c   0x00000002   Code   RO         9907    i.OS_Dummy          os_core.o
    0x0800939e   0x00000002   PAD
    0x080093a0   0x00000064   Code   RO         9908    i.OS_EventTaskRdy   os_core.o
    0x08009404   0x00000020   Code   RO         9909    i.OS_EventTaskRemove  os_core.o
    0x08009424   0x00000048   Code   RO         9910    i.OS_EventTaskWait  os_core.o
    0x0800946c   0x00000014   Code   RO         9911    i.OS_EventWaitListInit  os_core.o
    0x08009480   0x00000048   Code   RO        10104    i.OS_FlagInit       os_flag.o
    0x080094c8   0x00000020   Code   RO        10106    i.OS_FlagUnlink     os_flag.o
    0x080094e8   0x00000054   Code   RO         9912    i.OS_InitEventList  os_core.o
    0x0800953c   0x00000070   Code   RO         9913    i.OS_InitTCBList    os_core.o
    0x080095ac   0x00000012   Code   RO         9914    i.OS_MemClr         os_core.o
    0x080095be   0x00000002   PAD
    0x080095c0   0x0000004c   Code   RO        10256    i.OS_MemInit        os_mem.o
    0x0800960c   0x00000040   Code   RO        10371    i.OS_QInit          os_q.o
    0x0800964c   0x00000048   Code   RO         9916    i.OS_Sched          os_core.o
    0x08009694   0x00000020   Code   RO         9917    i.OS_SchedNew       os_core.o
    0x080096b4   0x000000ec   Code   RO         9919    i.OS_TCBInit        os_core.o
    0x080097a0   0x0000001c   Code   RO         9920    i.OS_TaskIdle       os_core.o
    0x080097bc   0x00000018   Code   RO        10516    i.OS_TaskReturn     os_task.o
    0x080097d4   0x00000058   Code   RO         9921    i.OS_TaskStat       os_core.o
    0x0800982c   0x00000038   Code   RO         9922    i.OS_TaskStatStkChk  os_core.o
    0x08009864   0x00000016   Code   RO        10517    i.OS_TaskStkClr     os_task.o
    0x0800987a   0x00000002   PAD
    0x0800987c   0x00000270   Code   RO         8264    i.OTAParamSubCallback  network.o
    0x08009aec   0x0000013c   Code   RO         7112    i.OV2640_Init       ov2640.o
    0x08009c28   0x00000040   Code   RO         7113    i.OV2640_JPEG_Mode  ov2640.o
    0x08009c68   0x00000050   Code   RO         7115    i.OV2640_OutSize_Set  ov2640.o
    0x08009cb8   0x000000a8   Code   RO         8266    i.PublishData       network.o
    0x08009d60   0x000000d0   Code   RO         8268    i.PublishGPS        network.o
    0x08009e30   0x0000001c   Code   RO         7354    i.RTC_Alarm_IRQHandler  rtc.o
    0x08009e4c   0x00000012   Code   RO         7355    i.RTC_BCD2DEC       rtc.o
    0x08009e5e   0x00000018   Code   RO         7356    i.RTC_DEC2BCD       rtc.o
    0x08009e76   0x00000002   PAD
    0x08009e78   0x00000070   Code   RO         7358    i.RTC_Get_String_Date_Time  rtc.o
    0x08009ee8   0x0000007c   Code   RO         7362    i.RTC_Set_Date_Time  rtc.o
    0x08009f64   0x00000048   Code   RO         7366    i.RTC_Timer_Init    rtc.o
    0x08009fac   0x0000001c   Code   RO         7367    i.RTC_WKUP_IRQHandler  rtc.o
    0x08009fc8   0x00000004   Code   RO          192    i.SDIO_IRQHandler   gd32f4xx_it.o
    0x08009fcc   0x00000004   Code   RO         9123    i.SEGGER_RTT_Init   segger_rtt.o
    0x08009fd0   0x00000038   Code   RO         9138    i.SEGGER_RTT_Write  segger_rtt.o
    0x0800a008   0x0000005c   Code   RO         9141    i.SEGGER_RTT_WriteNoLock  segger_rtt.o
    0x0800a064   0x00000018   Code   RO         9347    i.SEGGER_RTT_printf2  segger_rtt_printf.o
    0x0800a07c   0x00000196   Code   RO         9348    i.SEGGER_RTT_vprintf  segger_rtt_printf.o
    0x0800a212   0x00000002   PAD
    0x0800a214   0x00000060   Code   RO         7272    i.SOFT_IIC_Init     soft_iic.o
    0x0800a274   0x00000002   Code   RO          193    i.SVC_Handler       gd32f4xx_it.o
    0x0800a276   0x00000002   PAD
    0x0800a278   0x0000006c   Code   RO         7273    i.Soft_I2C_Read     soft_iic.o
    0x0800a2e4   0x00000052   Code   RO         7274    i.Soft_I2C_Write    soft_iic.o
    0x0800a336   0x00000002   PAD
    0x0800a338   0x00000010   Code   RO            6    i.StartTimer        systick.o
    0x0800a348   0x0000002c   Code   RO          653    i.SysTick_Handler   delay.o
    0x0800a374   0x00000094   Code   RO          714    i.SystemInit        system_gd32f4xx.o
    0x0800a408   0x0000008c   Code   RO         6578    i.TIMER1_IRQHandler  timer1.o
    0x0800a494   0x0000001c   Code   RO            7    i.TimeOut           systick.o
    0x0800a4b0   0x00000070   Code   RO         7519    i.UART3_IRQHandler  gps.o
    0x0800a520   0x0000005c   Code   RO         8180    i.USART1_IRQHandler  cat1_port.o
    0x0800a57c   0x00000078   Code   RO         7214    i.USART2_IRQHandler  saoma.o
    0x0800a5f4   0x00000002   Code   RO          194    i.UsageFault_Handler  gd32f4xx_it.o
    0x0800a5f6   0x00000002   PAD
    0x0800a5f8   0x0000004c   Code   RO         7468    i.WTN_Init          wtn.o
    0x0800a644   0x00000010   Code   RO         6741    i.Watchdog_init     watchdog.o
    0x0800a654   0x00000064   Code   RO         9145    i._DoInit           segger_rtt.o
    0x0800a6b8   0x00000016   Code   RO         9146    i._GetAvailWriteSpace  segger_rtt.o
    0x0800a6ce   0x00000002   PAD
    0x0800a6d0   0x000000c6   Code   RO         9349    i._PrintInt         segger_rtt_printf.o
    0x0800a796   0x00000002   PAD
    0x0800a798   0x000000d4   Code   RO         9350    i._PrintUnsigned    segger_rtt_printf.o
    0x0800a86c   0x0000003e   Code   RO         9351    i._StoreChar        segger_rtt_printf.o
    0x0800a8aa   0x0000005a   Code   RO         9148    i._WriteBlocking    segger_rtt.o
    0x0800a904   0x00000042   Code   RO         9149    i._WriteNoCheck     segger_rtt.o
    0x0800a946   0x00000030   Code   RO        11189    i.__ARM_fpclassify  m_wm.l(fpclassify.o)
    0x0800a976   0x00000002   PAD
    0x0800a978   0x00000c38   Code   RO        11038    i.__hardfp_pow      m_wm.l(pow.o)
    0x0800b5b0   0x000000f8   Code   RO        11191    i.__kernel_poly     m_wm.l(poly.o)
    0x0800b6a8   0x00000030   Code   RO        11175    i.__mathlib_dbl_divzero  m_wm.l(dunder.o)
    0x0800b6d8   0x00000014   Code   RO        11177    i.__mathlib_dbl_infnan2  m_wm.l(dunder.o)
    0x0800b6ec   0x00000004   PAD
    0x0800b6f0   0x00000020   Code   RO        11178    i.__mathlib_dbl_invalid  m_wm.l(dunder.o)
    0x0800b710   0x00000020   Code   RO        11179    i.__mathlib_dbl_overflow  m_wm.l(dunder.o)
    0x0800b730   0x00000020   Code   RO        11181    i.__mathlib_dbl_underflow  m_wm.l(dunder.o)
    0x0800b750   0x0000000e   Code   RO        10948    i._is_digit         c_w.l(__printf_wp.o)
    0x0800b75e   0x00000020   Code   RO         7920    i.at_config_vaild   at_parser.o
    0x0800b77e   0x00000002   PAD
    0x0800b780   0x00000084   Code   RO         7921    i.at_get_line       at_parser.o
    0x0800b804   0x00000018   Code   RO         7922    i.at_parser_init    at_parser.o
    0x0800b81c   0x00000006   Code   RO         7923    i.at_parser_log     at_parser.o
    0x0800b822   0x000000bc   Code   RO         7924    i.at_parser_loop    at_parser.o
    0x0800b8de   0x00000002   PAD
    0x0800b8e0   0x00000108   Code   RO         7926    i.at_parser_read_handle  at_parser.o
    0x0800b9e8   0x00000124   Code   RO         7927    i.at_parser_read_handle2  at_parser.o
    0x0800bb0c   0x0000007c   Code   RO         7929    i.at_parser_register_urc  at_parser.o
    0x0800bb88   0x0000005c   Code   RO         7932    i.at_parser_send_no_wait2  at_parser.o
    0x0800bbe4   0x000000b4   Code   RO         7933    i.at_parser_send_wait  at_parser.o
    0x0800bc98   0x000000ac   Code   RO         7934    i.at_parser_send_wait2  at_parser.o
    0x0800bd44   0x0000004a   Code   RO         7937    i.at_urc_handle     at_parser.o
    0x0800bd8e   0x00000002   PAD
    0x0800bd90   0x00000010   Code   RO         7469    i.audio_play_ctrl   wtn.o
    0x0800bda0   0x00000024   Code   RO         7729    i.auth_mqtt_url     mqttcontent.o
    0x0800bdc4   0x00000048   Code   RO         8445    i.cJSON_Delete      cjson.o
    0x0800be0c   0x0000001c   Code   RO         8454    i.cJSON_GetObjectItem  cjson.o
    0x0800be28   0x0000001c   Code   RO         8458    i.cJSON_New_Item    cjson.o
    0x0800be44   0x00000008   Code   RO         8459    i.cJSON_Parse       cjson.o
    0x0800be4c   0x00000060   Code   RO         8460    i.cJSON_ParseWithOpts  cjson.o
    0x0800beac   0x00000042   Code   RO         8466    i.cJSON_strcasecmp  cjson.o
    0x0800beee   0x00000002   PAD
    0x0800bef0   0x000000b4   Code   RO         9790    i.camera_init       camera.o
    0x0800bfa4   0x0000031c   Code   RO         9792    i.camera_take_pic_base64  camera.o
    0x0800c2c0   0x0000008c   Code   RO         8181    i.cat1_io_init      cat1_port.o
    0x0800c34c   0x00000024   Code   RO         8182    i.cat1_pwrker       cat1_port.o
    0x0800c370   0x0000002c   Code   RO         8183    i.cat1_reset        cat1_port.o
    0x0800c39c   0x000000a0   Code   RO         8184    i.cat1_uart_init    cat1_port.o
    0x0800c43c   0x0000005c   Code   RO         9453    i.check_fs          ff.o
    0x0800c498   0x00000064   Code   RO         8269    i.check_if_first_boot  network.o
    0x0800c4fc   0x00000010   Code   RO         9454    i.chk_chr           ff.o
    0x0800c50c   0x00000064   Code   RO         9455    i.chk_lock          ff.o
    0x0800c570   0x00000210   Code   RO         9456    i.chk_mounted       ff.o
    0x0800c780   0x00000028   Code   RO         6478    i.clea_e2prom       flash_e2prom.o
    0x0800c7a8   0x00000024   Code   RO         9457    i.clear_lock        ff.o
    0x0800c7cc   0x00000018   Code   RO         9458    i.clust2sect        ff.o
    0x0800c7e4   0x00000020   Code   RO         8270    i.compareversion    network.o
    0x0800c804   0x00000096   Code   RO         9459    i.create_chain      ff.o
    0x0800c89a   0x00000002   PAD
    0x0800c89c   0x00000244   Code   RO         9460    i.create_name       ff.o
    0x0800cae0   0x000000cc   Code   RO         7215    i.create_saoma_publish_data  saoma.o
    0x0800cbac   0x00000010   Code   RO         1770    i.dci_capture_disable  gd32f4xx_dci.o
    0x0800cbbc   0x00000010   Code   RO         1771    i.dci_capture_enable  gd32f4xx_dci.o
    0x0800cbcc   0x00000010   Code   RO         1780    i.dci_enable        gd32f4xx_dci.o
    0x0800cbdc   0x0000002c   Code   RO         1782    i.dci_init          gd32f4xx_dci.o
    0x0800cc08   0x00000010   Code   RO         1784    i.dci_interrupt_enable  gd32f4xx_dci.o
    0x0800cc18   0x00000010   Code   RO         1785    i.dci_interrupt_flag_clear  gd32f4xx_dci.o
    0x0800cc28   0x00000014   Code   RO         1786    i.dci_interrupt_flag_get  gd32f4xx_dci.o
    0x0800cc3c   0x00000048   Code   RO          654    i.delay_init        delay.o
    0x0800cc84   0x00000044   Code   RO          655    i.delay_ms          delay.o
    0x0800ccc8   0x00000044   Code   RO          659    i.delay_us          delay.o
    0x0800cd0c   0x00000134   Code   RO         9461    i.dir_find          ff.o
    0x0800ce40   0x000000ee   Code   RO         9462    i.dir_next          ff.o
    0x0800cf2e   0x00000002   PAD
    0x0800cf30   0x000000f0   Code   RO         9463    i.dir_read          ff.o
    0x0800d020   0x000001ac   Code   RO         9464    i.dir_register      ff.o
    0x0800d1cc   0x00000050   Code   RO         9465    i.dir_remove        ff.o
    0x0800d21c   0x0000007e   Code   RO         9466    i.dir_sdi           ff.o
    0x0800d29a   0x00000002   PAD
    0x0800d29c   0x00000068   Code   RO         9388    i.disk_initialize   diskio.o
    0x0800d304   0x00000004   Code   RO         9389    i.disk_ioctl        diskio.o
    0x0800d308   0x00000032   Code   RO         9390    i.disk_read         diskio.o
    0x0800d33a   0x00000008   Code   RO         9391    i.disk_status       diskio.o
    0x0800d342   0x00000032   Code   RO         9392    i.disk_write        diskio.o
    0x0800d374   0x00000012   Code   RO         1913    i.dma_channel_disable  gd32f4xx_dma.o
    0x0800d386   0x00000012   Code   RO         1914    i.dma_channel_enable  gd32f4xx_dma.o
    0x0800d398   0x00000016   Code   RO         1915    i.dma_channel_subperipheral_select  gd32f4xx_dma.o
    0x0800d3ae   0x00000056   Code   RO         1918    i.dma_deinit        gd32f4xx_dma.o
    0x0800d404   0x00000036   Code   RO         1920    i.dma_flag_clear    gd32f4xx_dma.o
    0x0800d43a   0x00000038   Code   RO         1921    i.dma_flag_get      gd32f4xx_dma.o
    0x0800d472   0x0000001a   Code   RO         1922    i.dma_flow_controller_config  gd32f4xx_dma.o
    0x0800d48c   0x00000036   Code   RO         1925    i.dma_interrupt_flag_clear  gd32f4xx_dma.o
    0x0800d4c2   0x000000e0   Code   RO         1926    i.dma_interrupt_flag_get  gd32f4xx_dma.o
    0x0800d5a2   0x00000002   PAD
    0x0800d5a4   0x00000090   Code   RO         1931    i.dma_multi_data_mode_init  gd32f4xx_dma.o
    0x0800d634   0x000000ac   Code   RO         6773    i.dma_receive_config  sdcard.o
    0x0800d6e0   0x00000084   Code   RO         1938    i.dma_single_data_mode_init  gd32f4xx_dma.o
    0x0800d764   0x000000ac   Code   RO         6774    i.dma_transfer_config  sdcard.o
    0x0800d810   0x0000000c   Code   RO         1944    i.dma_transfer_number_get  gd32f4xx_dma.o
    0x0800d81c   0x00000048   Code   RO         9468    i.f_close           ff.o
    0x0800d864   0x0000002c   Code   RO         9472    i.f_mount           ff.o
    0x0800d890   0x00000190   Code   RO         9473    i.f_open            ff.o
    0x0800da20   0x00000058   Code   RO         9474    i.f_opendir         ff.o
    0x0800da78   0x00000152   Code   RO         9475    i.f_read            ff.o
    0x0800dbca   0x00000002   PAD
    0x0800dbcc   0x00000058   Code   RO         9476    i.f_readdir         ff.o
    0x0800dc24   0x00000114   Code   RO         9477    i.f_rename          ff.o
    0x0800dd38   0x000000a4   Code   RO         9479    i.f_sync            ff.o
    0x0800dddc   0x000000ac   Code   RO         9481    i.f_unlink          ff.o
    0x0800de88   0x00000190   Code   RO         9483    i.f_write           ff.o
    0x0800e018   0x00000018   Code   RO        11028    i.fabs              m_wm.l(fabs.o)
    0x0800e030   0x00000004   Code   RO         6742    i.feed_dog          watchdog.o
    0x0800e034   0x0000004c   Code   RO         9710    i.ff_convert        cc936.o
    0x0800e080   0x00000024   Code   RO         9711    i.ff_wtoupper       cc936.o
    0x0800e0a4   0x000000c0   Code   RO         8271    i.fisrt_publish     network.o
    0x0800e164   0x0000003a   Code   RO         6480    i.fmc_erase_sector_by_address  flash_e2prom.o
    0x0800e19e   0x00000002   PAD
    0x0800e1a0   0x0000000c   Code   RO         3026    i.fmc_flag_clear    gd32f4xx_fmc.o
    0x0800e1ac   0x00000010   Code   RO         3033    i.fmc_lock          gd32f4xx_fmc.o
    0x0800e1bc   0x0000001c   Code   RO         3035    i.fmc_ready_wait    gd32f4xx_fmc.o
    0x0800e1d8   0x0000004c   Code   RO         3036    i.fmc_sector_erase  gd32f4xx_fmc.o
    0x0800e224   0x00000128   Code   RO         6484    i.fmc_sector_info_get  flash_e2prom.o
    0x0800e34c   0x0000003c   Code   RO         3037    i.fmc_state_get     gd32f4xx_fmc.o
    0x0800e388   0x00000024   Code   RO         3038    i.fmc_unlock        gd32f4xx_fmc.o
    0x0800e3ac   0x00000044   Code   RO         3039    i.fmc_word_program  gd32f4xx_fmc.o
    0x0800e3f0   0x00000036   Code   RO         6486    i.fmc_write_32bit_data  flash_e2prom.o
    0x0800e426   0x00000068   Code   RO         9484    i.follow_path       ff.o
    0x0800e48e   0x00000002   PAD
    0x0800e490   0x00000050   Code   RO         3262    i.fwdgt_config      gd32f4xx_fwdgt.o
    0x0800e4e0   0x00000010   Code   RO         3263    i.fwdgt_counter_reload  gd32f4xx_fwdgt.o
    0x0800e4f0   0x00000010   Code   RO         3264    i.fwdgt_enable      gd32f4xx_fwdgt.o
    0x0800e500   0x00000078   Code   RO         9485    i.gen_numname       ff.o
    0x0800e578   0x000000b8   Code   RO         9486    i.get_fat           ff.o
    0x0800e630   0x00000004   Code   RO         9393    i.get_fattime       diskio.o
    0x0800e634   0x000000da   Code   RO         9487    i.get_fileinfo      ff.o
    0x0800e70e   0x00000064   Code   RO         3312    i.gpio_af_set       gd32f4xx_gpio.o
    0x0800e772   0x00000004   Code   RO         3313    i.gpio_bit_reset    gd32f4xx_gpio.o
    0x0800e776   0x00000004   Code   RO         3314    i.gpio_bit_set      gd32f4xx_gpio.o
    0x0800e77a   0x00000002   PAD
    0x0800e77c   0x000000c8   Code   RO         6775    i.gpio_config       sdcard.o
    0x0800e844   0x00000044   Code   RO         3320    i.gpio_mode_set     gd32f4xx_gpio.o
    0x0800e888   0x00000040   Code   RO         3322    i.gpio_output_options_set  gd32f4xx_gpio.o
    0x0800e8c8   0x000000b8   Code   RO         7528    i.gps_init          gps.o
    0x0800e980   0x0000002c   Code   RO         7529    i.gps_loop          gps.o
    0x0800e9ac   0x00000098   Code   RO         9488    i.inc_lock          ff.o
    0x0800ea44   0x000000d0   Code   RO          518    i.init_fun          main.o
    0x0800eb14   0x00000088   Code   RO         8765    i.itoa              cstdlib.o
    0x0800eb9c   0x0000003c   Code   RO         9794    i.jpeg_data_process  camera.o
    0x0800ebd8   0x000000f4   Code   RO         6626    i.led_disp          led.o
    0x0800eccc   0x0000000c   Code   RO         6489    i.lv_write_e2prom   flash_e2prom.o
    0x0800ecd8   0x000000cc   Code   RO          519    i.main              main.o
    0x0800eda4   0x00000012   Code   RO         9489    i.mem_cpy           ff.o
    0x0800edb6   0x0000000e   Code   RO         9490    i.mem_set           ff.o
    0x0800edc4   0x00000042   Code   RO         7938    i.memstr            at_parser.o
    0x0800ee06   0x00000008   Code   RO         7794    i.module_init       at_module.o
    0x0800ee0e   0x0000000c   Code   RO         7795    i.module_loop       at_module.o
    0x0800ee1a   0x00000002   PAD
    0x0800ee1c   0x0000020c   Code   RO         7796    i.module_mqtt_connect  at_module.o
    0x0800f028   0x00000058   Code   RO         7797    i.module_mqtt_disconnect  at_module.o
    0x0800f080   0x00000014   Code   RO         7798    i.module_mqtt_disconnect_urc  at_module.o
    0x0800f094   0x0000006e   Code   RO         7799    i.module_mqtt_subtpoic_urc  at_module.o
    0x0800f102   0x00000002   PAD
    0x0800f104   0x00000068   Code   RO         7800    i.module_networking  at_module.o
    0x0800f16c   0x00000016   Code   RO         7801    i.module_poweron    at_module.o
    0x0800f182   0x00000006   Code   RO         7803    i.module_set_mqtt_disconnect_callback  at_module.o
    0x0800f188   0x00000064   Code   RO         7804    i.module_start      at_module.o
    0x0800f1ec   0x0000006a   Code   RO         9491    i.move_window       ff.o
    0x0800f256   0x00000002   PAD
    0x0800f258   0x00000054   Code   RO         8272    i.mqtt_task         network.o
    0x0800f2ac   0x00000084   Code   RO         7805    i.mqtt_topic_register_urc  at_module.o
    0x0800f330   0x00000148   Code   RO         9742    i.myfatfs_init      fattester.o
    0x0800f478   0x00000024   Code   RO          282    i.nvic_config       sys.o
    0x0800f49c   0x00000094   Code   RO         3894    i.nvic_irq_enable   gd32f4xx_misc.o
    0x0800f530   0x00000014   Code   RO         3895    i.nvic_priority_group_set  gd32f4xx_misc.o
    0x0800f544   0x00000018   Code   RO         3896    i.nvic_vector_table_set  gd32f4xx_misc.o
    0x0800f55c   0x00000030   Code   RO         7732    i.ota_info_subAll   mqttcontent.o
    0x0800f58c   0x00000038   Code   RO         7733    i.ota_info_subOne   mqttcontent.o
    0x0800f5c4   0x00000014   Code   RO         7275    i.ov2640_read       soft_iic.o
    0x0800f5d8   0x00000010   Code   RO         7276    i.ov2640_write      soft_iic.o
    0x0800f5e8   0x00000078   Code   RO         8470    i.parse_array       cjson.o
    0x0800f660   0x000000a6   Code   RO         8471    i.parse_hex4        cjson.o
    0x0800f706   0x00000002   PAD
    0x0800f708   0x00000194   Code   RO         8472    i.parse_number      cjson.o
    0x0800f89c   0x000000b8   Code   RO         8473    i.parse_object      cjson.o
    0x0800f954   0x00000180   Code   RO         8474    i.parse_string      cjson.o
    0x0800fad4   0x000000b4   Code   RO         8475    i.parse_value       cjson.o
    0x0800fb88   0x0000001a   Code   RO         7470    i.play_wtn_audio    wtn.o
    0x0800fba2   0x00000002   PAD
    0x0800fba4   0x00000010   Code   RO         3951    i.pmu_backup_write_enable  gd32f4xx_pmu.o
    0x0800fbb4   0x0000053c   Code   RO         7806    i.powState          at_module.o
    0x080100f0   0x000000fa   Code   RO         9492    i.put_fat           ff.o
    0x080101ea   0x00000002   PAD
    0x080101ec   0x0000010c   Code   RO         8875    i.qcloud_iot_utils_base64encode  utils_base64.o
    0x080102f8   0x0000000e   Code   RO         8381    i.queue_empty       queue.o
    0x08010306   0x00000024   Code   RO         8383    i.queue_pop         queue.o
    0x0801032a   0x00000014   Code   RO         8385    i.queue_top         queue.o
    0x0801033e   0x00000002   PAD
    0x08010340   0x00000060   Code   RO         6776    i.r1_error_check    sdcard.o
    0x080103a0   0x0000008c   Code   RO         6777    i.r1_error_type_check  sdcard.o
    0x0801042c   0x00000034   Code   RO         6778    i.r2_error_check    sdcard.o
    0x08010460   0x00000070   Code   RO         6779    i.r6_error_check    sdcard.o
    0x080104d0   0x000000d8   Code   RO         4099    i.rcu_clock_freq_get  gd32f4xx_rcu.o
    0x080105a8   0x00000024   Code   RO         4102    i.rcu_flag_get      gd32f4xx_rcu.o
    0x080105cc   0x00000020   Code   RO         4115    i.rcu_osci_on       gd32f4xx_rcu.o
    0x080105ec   0x00000100   Code   RO         4116    i.rcu_osci_stab_wait  gd32f4xx_rcu.o
    0x080106ec   0x00000020   Code   RO         4118    i.rcu_periph_clock_enable  gd32f4xx_rcu.o
    0x0801070c   0x00000020   Code   RO         4121    i.rcu_periph_reset_disable  gd32f4xx_rcu.o
    0x0801072c   0x00000020   Code   RO         4122    i.rcu_periph_reset_enable  gd32f4xx_rcu.o
    0x0801074c   0x00000014   Code   RO         4127    i.rcu_rtc_clock_config  gd32f4xx_rcu.o
    0x08010760   0x00000062   Code   RO         9493    i.remove_chain      ff.o
    0x080107c2   0x00000002   PAD
    0x080107c4   0x0000003c   Code   RO         7734    i.reset_subDTU      mqttcontent.o
    0x08010800   0x0000002c   Code   RO         7735    i.reset_subDTUCallback  mqttcontent.o
    0x0801082c   0x0000005c   Code   RO         4402    i.rtc_current_time_get  gd32f4xx_rtc.o
    0x08010888   0x00000010   Code   RO         4404    i.rtc_flag_clear    gd32f4xx_rtc.o
    0x08010898   0x00000014   Code   RO         4405    i.rtc_flag_get      gd32f4xx_rtc.o
    0x080108ac   0x0000009c   Code   RO         4407    i.rtc_init          gd32f4xx_rtc.o
    0x08010948   0x0000003c   Code   RO         4408    i.rtc_init_mode_enter  gd32f4xx_rtc.o
    0x08010984   0x00000010   Code   RO         4409    i.rtc_init_mode_exit  gd32f4xx_rtc.o
    0x08010994   0x00000050   Code   RO         4414    i.rtc_register_sync_wait  gd32f4xx_rtc.o
    0x080109e4   0x00000338   Code   RO         7216    i.saoma_task        saoma.o
    0x08010d1c   0x000000a4   Code   RO         7217    i.saoma_uart_init   saoma.o
    0x08010dc0   0x000001bc   Code   RO         6780    i.sd_block_read     sdcard.o
    0x08010f7c   0x00000278   Code   RO         6781    i.sd_block_write    sdcard.o
    0x080111f4   0x00000060   Code   RO         6782    i.sd_bus_mode_config  sdcard.o
    0x08011254   0x000000b0   Code   RO         6783    i.sd_bus_width_config  sdcard.o
    0x08011304   0x00000200   Code   RO         6785    i.sd_card_information_get  sdcard.o
    0x08011504   0x000000ec   Code   RO         6786    i.sd_card_init      sdcard.o
    0x080115f0   0x00000020   Code   RO         6787    i.sd_card_select_deselect  sdcard.o
    0x08011610   0x000000f0   Code   RO         6788    i.sd_card_state_get  sdcard.o
    0x08011700   0x00000040   Code   RO         6789    i.sd_cardstatus_get  sdcard.o
    0x08011740   0x00000014   Code   RO         6790    i.sd_datablocksize_get  sdcard.o
    0x08011754   0x0000005e   Code   RO         6792    i.sd_init           sdcard.o
    0x080117b2   0x00000002   PAD
    0x080117b4   0x000000d4   Code   RO         6793    i.sd_interrupts_process  sdcard.o
    0x08011888   0x00000210   Code   RO         6795    i.sd_multiblocks_read  sdcard.o
    0x08011a98   0x000002d4   Code   RO         6796    i.sd_multiblocks_write  sdcard.o
    0x08011d6c   0x0000017c   Code   RO         6798    i.sd_power_on       sdcard.o
    0x08011ee8   0x0000010c   Code   RO         6799    i.sd_scr_get        sdcard.o
    0x08011ff4   0x00000018   Code   RO         6801    i.sd_transfer_mode_config  sdcard.o
    0x0801200c   0x00000020   Code   RO         6803    i.sd_transfer_stop  sdcard.o
    0x0801202c   0x00000018   Code   RO         4658    i.sdio_bus_mode_set  gd32f4xx_sdio.o
    0x08012044   0x0000002c   Code   RO         4665    i.sdio_clock_config  gd32f4xx_sdio.o
    0x08012070   0x00000010   Code   RO         4667    i.sdio_clock_enable  gd32f4xx_sdio.o
    0x08012080   0x0000000c   Code   RO         4668    i.sdio_command_index_get  gd32f4xx_sdio.o
    0x0801208c   0x00000028   Code   RO         4669    i.sdio_command_response_config  gd32f4xx_sdio.o
    0x080120b4   0x00000010   Code   RO         4671    i.sdio_csm_enable   gd32f4xx_sdio.o
    0x080120c4   0x00000030   Code   RO         4672    i.sdio_data_config  gd32f4xx_sdio.o
    0x080120f4   0x0000000c   Code   RO         4674    i.sdio_data_read    gd32f4xx_sdio.o
    0x08012100   0x00000014   Code   RO         4675    i.sdio_data_transfer_config  gd32f4xx_sdio.o
    0x08012114   0x0000000c   Code   RO         4676    i.sdio_data_write   gd32f4xx_sdio.o
    0x08012120   0x00000016   Code   RO         4677    i.sdio_deinit       gd32f4xx_sdio.o
    0x08012136   0x00000002   PAD
    0x08012138   0x00000010   Code   RO         4678    i.sdio_dma_disable  gd32f4xx_sdio.o
    0x08012148   0x00000010   Code   RO         4679    i.sdio_dma_enable   gd32f4xx_sdio.o
    0x08012158   0x00000010   Code   RO         4680    i.sdio_dsm_disable  gd32f4xx_sdio.o
    0x08012168   0x00000010   Code   RO         4681    i.sdio_dsm_enable   gd32f4xx_sdio.o
    0x08012178   0x0000000c   Code   RO         4683    i.sdio_flag_clear   gd32f4xx_sdio.o
    0x08012184   0x00000014   Code   RO         4684    i.sdio_flag_get     gd32f4xx_sdio.o
    0x08012198   0x00000010   Code   RO         4685    i.sdio_hardware_clock_disable  gd32f4xx_sdio.o
    0x080121a8   0x00000010   Code   RO         4687    i.sdio_interrupt_disable  gd32f4xx_sdio.o
    0x080121b8   0x00000010   Code   RO         4688    i.sdio_interrupt_enable  gd32f4xx_sdio.o
    0x080121c8   0x0000000c   Code   RO         4689    i.sdio_interrupt_flag_clear  gd32f4xx_sdio.o
    0x080121d4   0x00000014   Code   RO         4690    i.sdio_interrupt_flag_get  gd32f4xx_sdio.o
    0x080121e8   0x0000000c   Code   RO         4693    i.sdio_power_state_get  gd32f4xx_sdio.o
    0x080121f4   0x0000000c   Code   RO         4694    i.sdio_power_state_set  gd32f4xx_sdio.o
    0x08012200   0x00000030   Code   RO         4698    i.sdio_response_get  gd32f4xx_sdio.o
    0x08012230   0x00000018   Code   RO         4703    i.sdio_wait_type_set  gd32f4xx_sdio.o
    0x08012248   0x00000018   Code   RO         9796    i.set_sdio_d3_mode  camera.o
    0x08012260   0x00000014   Code   RO         8482    i.skip              cjson.o
    0x08012274   0x0000006e   Code   RO        11196    i.sqrt              m_wm.l(sqrt.o)
    0x080122e2   0x00000002   PAD
    0x080122e4   0x000000b8   Code   RO          520    i.start_task        main.o
    0x0801239c   0x0000001a   Code   RO         9494    i.sum_sfn           ff.o
    0x080123b6   0x000000b8   Code   RO         9495    i.sync              ff.o
    0x0801246e   0x00000002   PAD
    0x08012470   0x00000024   Code   RO          283    i.sys_reboot        sys.o
    0x08012494   0x000000ac   Code   RO          715    i.system_clock_200m_25m_hxtal  system_gd32f4xx.o
    0x08012540   0x0000002c   Code   RO          286    i.system_init       sys.o
    0x0801256c   0x00000008   Code   RO         6580    i.time1_enable      timer1.o
    0x08012574   0x00000050   Code   RO         6581    i.timer1_config     timer1.o
    0x080125c4   0x000000c8   Code   RO         5293    i.timer_deinit      gd32f4xx_timer.o
    0x0801268c   0x0000000a   Code   RO         5298    i.timer_enable      gd32f4xx_timer.o
    0x08012696   0x00000002   PAD
    0x08012698   0x00000094   Code   RO         5308    i.timer_init        gd32f4xx_timer.o
    0x0801272c   0x00000008   Code   RO         5315    i.timer_interrupt_enable  gd32f4xx_timer.o
    0x08012734   0x00000006   Code   RO         5316    i.timer_interrupt_flag_clear  gd32f4xx_timer.o
    0x0801273a   0x00000014   Code   RO         5317    i.timer_interrupt_flag_get  gd32f4xx_timer.o
    0x0801274e   0x00000014   Code   RO         5328    i.timer_struct_para_init  gd32f4xx_timer.o
    0x08012762   0x00000002   PAD
    0x08012764   0x00000148   Code   RO         9862    i.upload_file_task  upload_file.o
    0x080128ac   0x00000084   Code   RO         5954    i.usart_baudrate_set  gd32f4xx_usart.o
    0x08012930   0x00000008   Code   RO         5958    i.usart_data_receive  gd32f4xx_usart.o
    0x08012938   0x00000008   Code   RO         5959    i.usart_data_transmit  gd32f4xx_usart.o
    0x08012940   0x0000007c   Code   RO         5960    i.usart_deinit      gd32f4xx_usart.o
    0x080129bc   0x0000000a   Code   RO         5964    i.usart_enable      gd32f4xx_usart.o
    0x080129c6   0x00000016   Code   RO         5966    i.usart_flag_get    gd32f4xx_usart.o
    0x080129dc   0x00000014   Code   RO         5974    i.usart_interrupt_enable  gd32f4xx_usart.o
    0x080129f0   0x0000002e   Code   RO         5976    i.usart_interrupt_flag_get  gd32f4xx_usart.o
    0x08012a1e   0x0000000c   Code   RO         5991    i.usart_receive_config  gd32f4xx_usart.o
    0x08012a2a   0x0000000c   Code   RO         6006    i.usart_transmit_config  gd32f4xx_usart.o
    0x08012a36   0x00000018   Code   RO         8793    i.utils_aes_crypt_ecb  utils_aes.o
    0x08012a4e   0x0000001a   Code   RO         8797    i.utils_aes_init    utils_aes.o
    0x08012a68   0x000001a4   Code   RO         8799    i.utils_aes_setkey_enc  utils_aes.o
    0x08012c0c   0x000003cc   Code   RO         8800    i.utils_internal_aes_decrypt  utils_aes.o
    0x08012fd8   0x000003c8   Code   RO         8801    i.utils_internal_aes_encrypt  utils_aes.o
    0x080133a0   0x00000020   Code   RO         9496    i.validate          ff.o
    0x080133c0   0x00000004   Code   RO         6743    i.watchdog_enable   watchdog.o
    0x080133c4   0x00000060   Code   RO          521    i.watchdog_task     main.o
    0x08013424   0x0000002c   Code   RO        11288    locale$$code        c_w.l(lc_ctype_c.o)
    0x08013450   0x0000002c   Code   RO        11291    locale$$code        c_w.l(lc_numeric_c.o)
    0x0801347c   0x00000018   Code   RO        11158    x$fpl$basic         fz_wm.l(basic.o)
    0x08013494   0x00000150   Code   RO        10998    x$fpl$dadd          fz_wm.l(daddsub_clz.o)
    0x080135e4   0x00000010   Code   RO        11302    x$fpl$dcheck1       fz_wm.l(dcheck1.o)
    0x080135f4   0x00000018   Code   RO        11160    x$fpl$dcmpinf       fz_wm.l(dcmpi.o)
    0x0801360c   0x000002b0   Code   RO        11163    x$fpl$ddiv          fz_wm.l(ddiv.o)
    0x080138bc   0x0000005e   Code   RO        11006    x$fpl$dfix          fz_wm.l(dfix.o)
    0x0801391a   0x0000002e   Code   RO        11011    x$fpl$dflt          fz_wm.l(dflt_clz.o)
    0x08013948   0x00000078   Code   RO        11016    x$fpl$dleqf         fz_wm.l(dleqf.o)
    0x080139c0   0x00000154   Code   RO        11018    x$fpl$dmul          fz_wm.l(dmul.o)
    0x08013b14   0x0000009c   Code   RO        11166    x$fpl$dnaninf       fz_wm.l(dnaninf.o)
    0x08013bb0   0x0000000c   Code   RO        11168    x$fpl$dretinf       fz_wm.l(dretinf.o)
    0x08013bbc   0x0000006c   Code   RO        11020    x$fpl$drleqf        fz_wm.l(drleqf.o)
    0x08013c28   0x00000016   Code   RO        10999    x$fpl$drsb          fz_wm.l(daddsub_clz.o)
    0x08013c3e   0x00000002   PAD
    0x08013c40   0x00000198   Code   RO        11304    x$fpl$dsqrt         fz_wm.l(dsqrt_umaal.o)
    0x08013dd8   0x000001d4   Code   RO        11000    x$fpl$dsub          fz_wm.l(daddsub_clz.o)
    0x08013fac   0x00000056   Code   RO        11022    x$fpl$f2d           fz_wm.l(f2d.o)
    0x08014002   0x0000008c   Code   RO        11170    x$fpl$fnaninf       fz_wm.l(fnaninf.o)
    0x0801408e   0x0000000a   Code   RO        11306    x$fpl$fpinit        fz_wm.l(fpinit.o)
    0x08014098   0x00000004   Code   RO        11024    x$fpl$printf1       fz_wm.l(printf1.o)
    0x0801409c   0x00000064   Code   RO        11372    x$fpl$retnan        fz_wm.l(retnan.o)
    0x08014100   0x0000005c   Code   RO        11172    x$fpl$scalbn        fz_wm.l(scalbn.o)
    0x0801415c   0x00000030   Code   RO        11392    x$fpl$trapveneer    fz_wm.l(trapv.o)
    0x0801418c   0x00000000   Code   RO        11174    x$fpl$usenofp       fz_wm.l(usenofp.o)
    0x0801418c   0x000001c6   Data   RO         7119    .constdata          ov2640.o
    0x08014352   0x00000011   Data   RO         7670    .constdata          cloudserverconnect.o
    0x08014363   0x00000001   PAD
    0x08014364   0x00000070   Data   RO         8059    .constdata          at_port.o
    0x080143d4   0x00000007   Data   RO         8484    .constdata          cjson.o
    0x080143db   0x00000001   PAD
    0x080143dc   0x00002228   Data   RO         8803    .constdata          utils_aes.o
    0x08016604   0x000000c0   Data   RO         8876    .constdata          utils_base64.o
    0x080166c4   0x00000011   Data   RO         9151    .constdata          segger_rtt.o
    0x080166d5   0x00000010   Data   RO         9352    .constdata          segger_rtt_printf.o
    0x080166e5   0x0000000d   Data   RO         9498    .constdata          ff.o
    0x080166f2   0x0002acc8   Data   RO         9712    .constdata          cc936.o
    0x080413ba   0x00000024   Data   RO         9799    .constdata          camera.o
    0x080413de   0x00000100   Data   RO         9930    .constdata          os_core.o
    0x080414de   0x00000011   Data   RO        10951    .constdata          c_w.l(__printf_flags_wp.o)
    0x080414ef   0x00000001   PAD
    0x080414f0   0x00000088   Data   RO        11041    .constdata          m_wm.l(pow.o)
    0x08041578   0x00000008   Data   RO        11193    .constdata          m_wm.l(qnan.o)
    0x08041580   0x00000094   Data   RO        11255    .constdata          c_w.l(bigflt0.o)
    0x08041614   0x00000008   Data   RO          633    .conststring        version.o
    0x0804161c   0x00000086   Data   RO         7219    .conststring        saoma.o
    0x080416a2   0x00000002   PAD
    0x080416a4   0x00000015   Data   RO         7533    .conststring        gps.o
    0x080416b9   0x00000003   PAD
    0x080416bc   0x0000004e   Data   RO         7671    .conststring        cloudserverconnect.o
    0x0804170a   0x00000002   PAD
    0x0804170c   0x00000076   Data   RO         7808    .conststring        at_module.o
    0x08041782   0x00000002   PAD
    0x08041784   0x0000009f   Data   RO         8060    .conststring        at_port.o
    0x08041823   0x00000001   PAD
    0x08041824   0x00000049   Data   RO         8277    .conststring        network.o
    0x0804186d   0x00000003   PAD
    0x08041870   0x0000003c   Data   RO         9800    .conststring        camera.o
    0x080418ac   0x00000061   Data   RO         9864    .conststring        upload_file.o
    0x0804190d   0x00000003   PAD
    0x08041910   0x00000020   Data   RO        11424    Region$$Table       anon$$obj.o
    0x08041930   0x00000110   Data   RO        11287    locale$$data        c_w.l(lc_ctype_c.o)
    0x08041a40   0x0000001c   Data   RO        11290    locale$$data        c_w.l(lc_numeric_c.o)


    Execution Region RW_IRAM1 (Base: 0x20000000, Size: 0x0002fe80, Max: 0x00040000, ABSOLUTE, COMPRESSED[0x00000054])

    Base Addr    Size         Type   Attr      Idx    E Section Name        Object

    0x20000000   0x00000008   Data   RW           14    .data               systick.o
    0x20000008   0x00000004   Data   RW          634    .data               version.o
    0x2000000c   0x00000004   Data   RW          635    .data               version.o
    0x20000010   0x00000004   Data   RW          660    .data               delay.o
    0x20000014   0x0000000c   Data   RW         6582    .data               timer1.o
    0x20000020   0x00000002   Data   RW         6583    .data               timer1.o
    0x20000022   0x00000001   Data   RW         6627    .data               led.o
    0x20000023   0x00000001   Data   RW         6676    .data               modbus_base.o
    0x20000024   0x00000020   Data   RW         6805    .data               sdcard.o
    0x20000044   0x00000008   Data   RW         7002    .data               dcmi.o
    0x2000004c   0x00000008   Data   RW         7220    .data               saoma.o
    0x20000054   0x00000008   Data   RW         7371    .data               rtc.o
    0x2000005c   0x00000018   Data   RW         7534    .data               gps.o
    0x20000074   0x00000008   Data   RW         7809    .data               at_module.o
    0x2000007c   0x00000008   Data   RW         8187    .data               cat1_port.o
    0x20000084   0x00000024   Data   RW         8278    .data               network.o
    0x200000a8   0x0000000c   Data   RW         8485    .data               cjson.o
    0x200000b4   0x00000001   Data   RW         9394    .data               diskio.o
    0x200000b5   0x00000003   PAD
    0x200000b8   0x00000008   Data   RW         9499    .data               ff.o
    0x200000c0   0x00000004   Data   RW         9748    .data               fattester.o
    0x200000c4   0x0000002c   Data   RW         9803    .data               camera.o
    0x200000f0   0x0000003c   Data   RW         9931    .data               os_core.o
    0x2000012c   0x00000004   Data   RW         9932    .data               os_core.o
    0x20000130   0x00000004   Data   RW         9933    .data               os_core.o
    0x20000134   0x00000004   Data   RW         9934    .data               os_core.o
    0x20000138   0x00000002   Data   RW         9935    .data               os_core.o
    0x2000013a   0x00000002   Data   RW         9936    .data               os_core.o
    0x2000013c   0x00000004   Data   RW         9937    .data               os_core.o
    0x20000140   0x00000004   Data   RW         9938    .data               os_core.o
    0x20000144   0x00000004   Data   RW         9939    .data               os_core.o
    0x20000148   0x00000004   Data   RW         9940    .data               os_core.o
    0x2000014c   0x00000002   Data   RW        10751    .data               os_cpu_c.o
    0x2000014e   0x00000002   PAD
    0x20000150   0x00000025   Zero   RW          288    .bss                sys.o
    0x20000175   0x00000003   PAD
    0x20000178   0x00003600   Zero   RW          522    .bss                main.o
    0x20003778   0x00000050   Zero   RW          523    .bss                main.o
    0x200037c8   0x00000020   Zero   RW         6804    .bss                sdcard.o
    0x200037e8   0x0000021e   Zero   RW         7218    .bss                saoma.o
    0x20003a06   0x00000002   PAD
    0x20003a08   0x00000014   Zero   RW         7370    .bss                rtc.o
    0x20003a1c   0x00000519   Zero   RW         7531    .bss                gps.o
    0x20003f35   0x00000190   Zero   RW         7736    .bss                mqttcontent.o
    0x200040c5   0x00000003   PAD
    0x200040c8   0x00000cf4   Zero   RW         8058    .bss                at_port.o
    0x20004dbc   0x00000018   Zero   RW         8186    .bss                cat1_port.o
    0x20004dd4   0x00000110   Zero   RW         8273    .bss                network.o
    0x20004ee4   0x000004b8   Zero   RW         9150    .bss                segger_rtt.o
    0x2000539c   0x00000218   Zero   RW         9497    .bss                ff.o
    0x200055b4   0x00000230   Zero   RW         9745    .bss                fattester.o
    0x200057e4   0x0001f228   Zero   RW         9798    .bss                camera.o
    0x20024a0c   0x0000028e   Zero   RW         9863    .bss                upload_file.o
    0x20024c9a   0x00000002   PAD
    0x20024c9c   0x00000b84   Zero   RW         9923    .bss                os_core.o
    0x20025820   0x00000050   Zero   RW         9924    .bss                os_core.o
    0x20025870   0x00000078   Zero   RW         9925    .bss                os_core.o
    0x200258e8   0x00000078   Zero   RW         9926    .bss                os_core.o
    0x20025960   0x00000280   Zero   RW         9927    .bss                os_core.o
    0x20025be0   0x00000200   Zero   RW         9928    .bss                os_core.o
    0x20025de0   0x00000040   Zero   RW         9929    .bss                os_core.o
    0x20025e20   0x00000060   Zero   RW        11209    .bss                c_w.l(libspace.o)
    0x20025e80   0x00006000   Zero   RW         6416    HEAP                startup_gd32f405_425.o
    0x2002be80   0x00004000   Zero   RW         6415    STACK               startup_gd32f405_425.o


==============================================================================

Image component sizes


      Code (inc. data)   RO Data    RW Data    ZI Data      Debug   Object Name

      3798       1284        118          8          0      17226   at_module.o
      1646        234          0          0          0      12033   at_parser.o
       588        294        271          0       3316      17967   at_port.o
      1060        468         96         44     127528       4373   camera.o
       716         68          0          8         24       8278   cat1_port.o
       112         16     175304          0          0       2995   cc936.o
      1756         96          7         12          0      13654   cjson.o
      2582       1004         95          0          0       7355   cloudserverconnect.o
       218         20          0          0          0       2827   cstdlib.o
       742         46          0          8          0       5150   dcmi.o
       252         36          0          4          0      30136   delay.o
       220          6          0          1          0      10994   diskio.o
       328        182          0          4        560       6080   fattester.o
      6494        102         13          8        536      38114   ff.o
       462         20          0          0          0       4904   flash_e2prom.o
       144         34          0          0          0       8706   gd32f4xx_dci.o
       846         10          0          0          0      18573   gd32f4xx_dma.o
       296         40          0          0          0      13344   gd32f4xx_fmc.o
       112         20          0          0          0       2145   gd32f4xx_fwdgt.o
       240          0          0          0          0       3784   gd32f4xx_gpio.o
        18          0          0          0          0      27474   gd32f4xx_it.o
       192         22          0          0          0       2940   gd32f4xx_misc.o
        16          4          0          0          0        650   gd32f4xx_pmu.o
       656         70          0          0          0      31733   gd32f4xx_rcu.o
       440         34          0          0          0      19514   gd32f4xx_rtc.o
       538        126          0          0          0      17654   gd32f4xx_sdio.o
       412         40          0          0          0      22499   gd32f4xx_timer.o
       394         16          0          0          0      14762   gd32f4xx_usart.o
      2718        470         21         24       1305      12928   gps.o
       246         18          0          1          0       1686   led.o
       692        286          0          0      13904       8569   main.o
         0          0          0          1          0       3494   modbus_base.o
       244        126          0          0        400       4053   mqttcontent.o
      2472        974         73         36        272      12270   network.o
      1728        202        256         92       4484      26257   os_core.o
       200         32          0          0          0        388   os_cpu_a.o
       380         14          0          2          0      17218   os_cpu_c.o
       104         12          0          0          0      10553   os_flag.o
        76         12          0          0          0        637   os_mem.o
        64          8          0          0          0        659   os_q.o
       338         26          0          0          0       2758   os_sem.o
       994        108          0          0          0       7000   os_task.o
       188         32          0          0          0       1464   os_time.o
       568        134          0          0          0       4123   os_tmr.o
       460         74        454          0          0       4086   ov2640.o
        70          0          0          0          0       3050   queue.o
       406         70          0          8         20       5510   rtc.o
      1312        388        134          8        542       4633   saoma.o
      5658        274          0         32         32      30820   sdcard.o
       430         32         17          0       1208      10600   segger_rtt.o
       902          6         16          0          0       5458   segger_rtt_printf.o
       846         74          0          0          0       8125   soft_iic.o
        64         26        392          0      40960       1012   startup_gd32f405_425.o
       200         22          0          0         37      50224   sys.o
       320         30          0          0          0       2529   system_gd32f4xx.o
        56         18          0          8          0      41341   systick.o
       228         12          0         14          0       2544   timer1.o
       328        110         97          0        654       2809   upload_file.o
      2410         32       8744          0          0      17904   utils_aes.o
       268          6        192          0          0       3312   utils_base64.o
         0          0          8          8          0        898   version.o
        24          0          0          0          0       1717   watchdog.o
       218         14          0          0          0       3049   wtn.o

    ----------------------------------------------------------------------
     50580       7934     186358        336     195792     679542   Object Totals
         0          0         32          0          0          0   (incl. Generated)
        90          0         18          5         10          0   (incl. Padding)

    ----------------------------------------------------------------------

      Code (inc. data)   RO Data    RW Data    ZI Data      Debug   Library Member Name

        60          8          0          0          0         84   __0sscanf.o
        90          0          0          0          0          0   __dczerorl2.o
         8          0          0          0          0         68   __main.o
       312          4         17          0          0         92   __printf_flags_wp.o
        14          0          0          0          0         68   __printf_wp.o
         0          0          0          0          0          0   __rtentry.o
        12          0          0          0          0          0   __rtentry2.o
         6          0          0          0          0          0   __rtentry4.o
        52          8          0          0          0          0   __scatter.o
        28          0          0          0          0          0   __scatter_zi.o
        28          0          0          0          0         68   _chval.o
        44          0          0          0          0        108   _printf_char.o
        48          6          0          0          0         96   _printf_char_common.o
         6          0          0          0          0          0   _printf_d.o
       120         16          0          0          0         92   _printf_dec.o
         6          0          0          0          0          0   _printf_f.o
      1050          0          0          0          0        216   _printf_fp_dec.o
       128         16          0          0          0         84   _printf_fp_infnan.o
       178          0          0          0          0         88   _printf_intcommon.o
        78          0          0          0          0        108   _printf_pad.o
         0          0          0          0          0          0   _printf_percent.o
         4          0          0          0          0          0   _printf_percent_end.o
         6          0          0          0          0          0   _printf_s.o
        82          0          0          0          0         80   _printf_str.o
        22          0          0          0          0        100   _rserrno.o
       884          6          0          0          0        100   _scanf.o
       332          0          0          0          0         96   _scanf_int.o
        64          0          0          0          0         84   _sgetc.o
        16          0          0          0          0         68   _snputc.o
        10          0          0          0          0         68   _sputc.o
        16          0          0          0          0         68   aeabi_memset.o
       220          4        148          0          0         96   bigflt0.o
      1910        128          0          0          0        672   btod.o
        10          0          0          0          0         68   defsig_exit.o
        50          0          0          0          0         88   defsig_general.o
        80         58          0          0          0         76   defsig_rtmem_inner.o
        14          0          0          0          0         80   defsig_rtmem_outer.o
        12          0          0          0          0         72   exit.o
        94          0          0          0          0         80   h1_alloc.o
        52          0          0          0          0         68   h1_extend.o
        78          0          0          0          0         80   h1_free.o
        14          0          0          0          0         84   h1_init.o
         6          0          0          0          0        152   heapauxi.o
         4          0          0          0          0        136   hguard.o
         0          0          0          0          0          0   indicate_semi.o
       138          0          0          0          0        168   init_alloc.o
        18          0          0          0          0         76   isspace.o
        44         10        272          0          0         76   lc_ctype_c.o
        44         10         28          0          0         76   lc_numeric_c.o
         2          0          0          0          0          0   libinit.o
        42          0          0          0          0          0   libinit2.o
         2          0          0          0          0          0   libshutdown.o
         2          0          0          0          0          0   libshutdown2.o
         8          4          0          0         96         68   libspace.o
       138          0          0          0          0         80   lludiv10.o
         0          0          0          0          0          0   maybetermalloc1.o
        88          0          0          0          0         76   memcmp.o
        52          4          0          0          0         84   noretval__2snprintf.o
        40          6          0          0          0         84   noretval__2sprintf.o
        16          4          0          0          0         76   rt_ctype_table.o
         8          4          0          0          0         68   rt_errno_addr_intlibspace.o
         8          4          0          0          0         68   rt_heap_descriptor_intlibspace.o
         8          4          0          0          0         68   rt_locale_intlibspace.o
        68          0          0          0          0         68   rt_memclr.o
        78          0          0          0          0         80   rt_memclr_w.o
       138          0          0          0          0         68   rt_memcpy_v6.o
       100          0          0          0          0         80   rt_memcpy_w.o
         2          0          0          0          0          0   rtexit.o
        10          0          0          0          0          0   rtexit2.o
        44          8          0          0          0         84   scanf_char.o
        24          0          0          0          0         68   strcat.o
       128          0          0          0          0         68   strcmpv7m.o
        62          0          0          0          0         76   strlen.o
       150          0          0          0          0         80   strncmp.o
        36          0          0          0          0         80   strstr.o
        12          4          0          0          0         68   sys_exit.o
        74          0          0          0          0         80   sys_stackheap_outer.o
        14          0          0          0          0         76   sys_wrch.o
        26          0          0          0          0         76   tolower.o
         2          0          0          0          0         68   use_no_semi.o
        24          0          0          0          0        164   basic.o
       826         16          0          0          0        492   daddsub_clz.o
        16          4          0          0          0        116   dcheck1.o
        24          0          0          0          0        116   dcmpi.o
       688        140          0          0          0        256   ddiv.o
        94          4          0          0          0        140   dfix.o
        46          0          0          0          0        116   dflt_clz.o
       120          4          0          0          0        140   dleqf.o
       340         12          0          0          0        152   dmul.o
       156          4          0          0          0        140   dnaninf.o
        12          0          0          0          0        116   dretinf.o
       108          0          0          0          0        128   drleqf.o
       408         56          0          0          0        168   dsqrt_umaal.o
        86          4          0          0          0        132   f2d.o
       140          4          0          0          0        132   fnaninf.o
        10          0          0          0          0        116   fpinit.o
         4          0          0          0          0        116   printf1.o
       100          0          0          0          0        116   retnan.o
        92          0          0          0          0        116   scalbn.o
        48          0          0          0          0        116   trapv.o
         0          0          0          0          0          0   usenofp.o
       164         44          0          0          0        620   dunder.o
        24          0          0          0          0        124   fabs.o
        48          0          0          0          0        124   fpclassify.o
       248          0          0          0          0        152   poly.o
      3128        302        136          0          0        356   pow.o
         0          0          8          0          0          0   qnan.o
       110          0          0          0          0        148   sqrt.o

    ----------------------------------------------------------------------
     14960        910        610          0         96      10388   Library Totals
        22          0          1          0          0          0   (incl. Padding)

    ----------------------------------------------------------------------

      Code (inc. data)   RO Data    RW Data    ZI Data      Debug   Library Name

      7874        316        465          0         96       5776   c_w.l
      3342        248          0          0          0       3088   fz_wm.l
      3722        346        144          0          0       1524   m_wm.l

    ----------------------------------------------------------------------
     14960        910        610          0         96      10388   Library Totals

    ----------------------------------------------------------------------

==============================================================================


      Code (inc. data)   RO Data    RW Data    ZI Data      Debug   

     65540       8844     186968        336     195888     641098   Grand Totals
     65540       8844     186968         84     195888     641098   ELF Image Totals (compressed)
     65540       8844     186968         84          0          0   ROM Totals

==============================================================================

    Total RO  Size (Code + RO Data)               252508 ( 246.59kB)
    Total RW  Size (RW Data + ZI Data)            196224 ( 191.63kB)
    Total ROM Size (Code + RO Data + RW Data)     252592 ( 246.67kB)

==============================================================================

